Archive member included to satisfy reference by file (symbol)

c:/ac6/systemworkbench/plugins/fr.ac6.mcu.externaltools.arm-none.win32_1.17.0.201812190825/tools/compiler/bin/../lib/gcc/arm-none-eabi/7.3.1/../../../../arm-none-eabi/lib/thumb/v7e-m/fpv4-sp/hard\libc.a(lib_a-errno.o)
                              src/syscalls.o (__errno)
c:/ac6/systemworkbench/plugins/fr.ac6.mcu.externaltools.arm-none.win32_1.17.0.201812190825/tools/compiler/bin/../lib/gcc/arm-none-eabi/7.3.1/../../../../arm-none-eabi/lib/thumb/v7e-m/fpv4-sp/hard\libc.a(lib_a-exit.o)
                              c:/ac6/systemworkbench/plugins/fr.ac6.mcu.externaltools.arm-none.win32_1.17.0.201812190825/tools/compiler/bin/../lib/gcc/arm-none-eabi/7.3.1/../../../../arm-none-eabi/lib/thumb/v7e-m/fpv4-sp/hard/crt0.o (exit)
c:/ac6/systemworkbench/plugins/fr.ac6.mcu.externaltools.arm-none.win32_1.17.0.201812190825/tools/compiler/bin/../lib/gcc/arm-none-eabi/7.3.1/../../../../arm-none-eabi/lib/thumb/v7e-m/fpv4-sp/hard\libc.a(lib_a-impure.o)
                              c:/ac6/systemworkbench/plugins/fr.ac6.mcu.externaltools.arm-none.win32_1.17.0.201812190825/tools/compiler/bin/../lib/gcc/arm-none-eabi/7.3.1/../../../../arm-none-eabi/lib/thumb/v7e-m/fpv4-sp/hard\libc.a(lib_a-exit.o) (_global_impure_ptr)
c:/ac6/systemworkbench/plugins/fr.ac6.mcu.externaltools.arm-none.win32_1.17.0.201812190825/tools/compiler/bin/../lib/gcc/arm-none-eabi/7.3.1/../../../../arm-none-eabi/lib/thumb/v7e-m/fpv4-sp/hard\libc.a(lib_a-init.o)
                              c:/ac6/systemworkbench/plugins/fr.ac6.mcu.externaltools.arm-none.win32_1.17.0.201812190825/tools/compiler/bin/../lib/gcc/arm-none-eabi/7.3.1/../../../../arm-none-eabi/lib/thumb/v7e-m/fpv4-sp/hard/crt0.o (__libc_init_array)
c:/ac6/systemworkbench/plugins/fr.ac6.mcu.externaltools.arm-none.win32_1.17.0.201812190825/tools/compiler/bin/../lib/gcc/arm-none-eabi/7.3.1/../../../../arm-none-eabi/lib/thumb/v7e-m/fpv4-sp/hard\libc.a(lib_a-memcmp.o)
                              Third-Party/SEGGER/OS/SEGGER_SYSVIEW_FreeRTOS.o (memcmp)
c:/ac6/systemworkbench/plugins/fr.ac6.mcu.externaltools.arm-none.win32_1.17.0.201812190825/tools/compiler/bin/../lib/gcc/arm-none-eabi/7.3.1/../../../../arm-none-eabi/lib/thumb/v7e-m/fpv4-sp/hard\libc.a(lib_a-memcpy.o)
                              Third-Party/FreeRTOS/org/Source/queue.o (memcpy)
c:/ac6/systemworkbench/plugins/fr.ac6.mcu.externaltools.arm-none.win32_1.17.0.201812190825/tools/compiler/bin/../lib/gcc/arm-none-eabi/7.3.1/../../../../arm-none-eabi/lib/thumb/v7e-m/fpv4-sp/hard\libc.a(lib_a-memset.o)
                              c:/ac6/systemworkbench/plugins/fr.ac6.mcu.externaltools.arm-none.win32_1.17.0.201812190825/tools/compiler/bin/../lib/gcc/arm-none-eabi/7.3.1/../../../../arm-none-eabi/lib/thumb/v7e-m/fpv4-sp/hard/crt0.o (memset)
c:/ac6/systemworkbench/plugins/fr.ac6.mcu.externaltools.arm-none.win32_1.17.0.201812190825/tools/compiler/bin/../lib/gcc/arm-none-eabi/7.3.1/../../../../arm-none-eabi/lib/thumb/v7e-m/fpv4-sp/hard\libc.a(lib_a-strlen.o)
                              Third-Party/FreeRTOS/org/Source/tasks.o (strlen)
c:/ac6/systemworkbench/plugins/fr.ac6.mcu.externaltools.arm-none.win32_1.17.0.201812190825/tools/compiler/bin/../lib/gcc/arm-none-eabi/7.3.1/../../../../arm-none-eabi/lib/thumb/v7e-m/fpv4-sp/hard\libc.a(lib_a-__call_atexit.o)
                              c:/ac6/systemworkbench/plugins/fr.ac6.mcu.externaltools.arm-none.win32_1.17.0.201812190825/tools/compiler/bin/../lib/gcc/arm-none-eabi/7.3.1/../../../../arm-none-eabi/lib/thumb/v7e-m/fpv4-sp/hard\libc.a(lib_a-exit.o) (__call_exitprocs)
c:/ac6/systemworkbench/plugins/fr.ac6.mcu.externaltools.arm-none.win32_1.17.0.201812190825/tools/compiler/bin/../lib/gcc/arm-none-eabi/7.3.1/../../../../arm-none-eabi/lib/thumb/v7e-m/fpv4-sp/hard\libc.a(lib_a-atexit.o)
                              c:/ac6/systemworkbench/plugins/fr.ac6.mcu.externaltools.arm-none.win32_1.17.0.201812190825/tools/compiler/bin/../lib/gcc/arm-none-eabi/7.3.1/../../../../arm-none-eabi/lib/thumb/v7e-m/fpv4-sp/hard\libc.a(lib_a-__call_atexit.o) (atexit)
c:/ac6/systemworkbench/plugins/fr.ac6.mcu.externaltools.arm-none.win32_1.17.0.201812190825/tools/compiler/bin/../lib/gcc/arm-none-eabi/7.3.1/../../../../arm-none-eabi/lib/thumb/v7e-m/fpv4-sp/hard\libc.a(lib_a-fini.o)
                              c:/ac6/systemworkbench/plugins/fr.ac6.mcu.externaltools.arm-none.win32_1.17.0.201812190825/tools/compiler/bin/../lib/gcc/arm-none-eabi/7.3.1/../../../../arm-none-eabi/lib/thumb/v7e-m/fpv4-sp/hard\libc.a(lib_a-__call_atexit.o) (__libc_fini_array)
c:/ac6/systemworkbench/plugins/fr.ac6.mcu.externaltools.arm-none.win32_1.17.0.201812190825/tools/compiler/bin/../lib/gcc/arm-none-eabi/7.3.1/../../../../arm-none-eabi/lib/thumb/v7e-m/fpv4-sp/hard\libc.a(lib_a-lock.o)
[...]
Memory Configuration

Name             Origin             Length             Attributes
RAM              0x20000000         0x00020000         xrw
ROM              0x08000000         0x00100000         xr
*default*        0x00000000         0xffffffff

Linker script and memory map

LOAD c:/ac6/systemworkbench/plugins/fr.ac6.mcu.externaltools.arm-none.win32_1.17.0.201812190825/tools/compiler/bin/../lib/gcc/arm-none-eabi/7.3.1/thumb/v7e-m/fpv4-sp/hard/crti.o
LOAD c:/ac6/systemworkbench/plugins/fr.ac6.mcu.externaltools.arm-none.win32_1.17.0.201812190825/tools/compiler/bin/../lib/gcc/arm-none-eabi/7.3.1/thumb/v7e-m/fpv4-sp/hard/crtbegin.o
LOAD c:/ac6/systemworkbench/plugins/fr.ac6.mcu.externaltools.arm-none.win32_1.17.0.201812190825/tools/compiler/bin/../lib/gcc/arm-none-eabi/7.3.1/../../../../arm-none-eabi/lib/thumb/v7e-m/fpv4-sp/hard/crt0.o
LOAD StdPeriph_Driver/src/misc.o
LOAD StdPeriph_Driver/src/stm32f4xx_adc.o
LOAD StdPeriph_Driver/src/stm32f4xx_can.o
LOAD StdPeriph_Driver/src/stm32f4xx_cec.o
LOAD StdPeriph_Driver/src/stm32f4xx_crc.o
LOAD StdPeriph_Driver/src/stm32f4xx_cryp.o
LOAD StdPeriph_Driver/src/stm32f4xx_cryp_aes.o
LOAD StdPeriph_Driver/src/stm32f4xx_cryp_des.o
LOAD StdPeriph_Driver/src/stm32f4xx_cryp_tdes.o
LOAD StdPeriph_Driver/src/stm32f4xx_dac.o
LOAD StdPeriph_Driver/src/stm32f4xx_dbgmcu.o
LOAD StdPeriph_Driver/src/stm32f4xx_dcmi.o
LOAD StdPeriph_Driver/src/stm32f4xx_dfsdm.o
LOAD StdPeriph_Driver/src/stm32f4xx_dma.o
LOAD StdPeriph_Driver/src/stm32f4xx_dma2d.o
LOAD StdPeriph_Driver/src/stm32f4xx_dsi.o
LOAD StdPeriph_Driver/src/stm32f4xx_exti.o
LOAD StdPeriph_Driver/src/stm32f4xx_flash.o
LOAD StdPeriph_Driver/src/stm32f4xx_flash_ramfunc.o
LOAD StdPeriph_Driver/src/stm32f4xx_fmc.o
LOAD StdPeriph_Driver/src/stm32f4xx_fmip2c.o
LOAD StdPeriph_Driver/src/stm32f4xx_fsmc.o
LOAD StdPeriph_Driver/src/stm32f4xx_gpio.o
LOAD StdPeriph_Driver/src/stm32f4xx_hash.o
LOAD StdPeriph_Driver/src/stm32f4xx_hash_md5.o
LOAD StdPeriph_Driver/src/stm32f4xx_hash_sha1.o
LOAD StdPeriph_Driver/src/stm32f4xx_i2c.o
LOAD StdPeriph_Driver/src/stm32f4xx_iwdg.o
LOAD StdPeriph_Driver/src/stm32f4xx_lptim.o
LOAD StdPeriph_Driver/src/stm32f4xx_ltdc.o
LOAD StdPeriph_Driver/src/stm32f4xx_pwr.o
LOAD StdPeriph_Driver/src/stm32f4xx_qspi.o
LOAD StdPeriph_Driver/src/stm32f4xx_rcc.o
LOAD StdPeriph_Driver/src/stm32f4xx_rng.o
LOAD StdPeriph_Driver/src/stm32f4xx_rtc.o
LOAD StdPeriph_Driver/src/stm32f4xx_sai.o
LOAD StdPeriph_Driver/src/stm32f4xx_sdio.o
LOAD StdPeriph_Driver/src/stm32f4xx_spdifrx.o
LOAD StdPeriph_Driver/src/stm32f4xx_spi.o
LOAD StdPeriph_Driver/src/stm32f4xx_syscfg.o
LOAD StdPeriph_Driver/src/stm32f4xx_tim.o
LOAD StdPeriph_Driver/src/stm32f4xx_usart.o
LOAD StdPeriph_Driver/src/stm32f4xx_wwdg.o
LOAD Third-Party/FreeRTOS/org/Source/croutine.o
LOAD Third-Party/FreeRTOS/org/Source/event_groups.o
LOAD Third-Party/FreeRTOS/org/Source/list.o
LOAD Third-Party/FreeRTOS/org/Source/queue.o
LOAD Third-Party/FreeRTOS/org/Source/stream_buffer.o
LOAD Third-Party/FreeRTOS/org/Source/tasks.o
LOAD Third-Party/FreeRTOS/org/Source/timers.o
LOAD Third-Party/FreeRTOS/org/Source/portable/GCC/ARM_CM4F/port.o
LOAD Third-Party/FreeRTOS/org/Source/portable/MemMang/heap_4.o
LOAD Third-Party/SEGGER/Config/SEGGER_SYSVIEW_Config_FreeRTOS.o
LOAD Third-Party/SEGGER/OS/SEGGER_SYSVIEW_FreeRTOS.o
LOAD Third-Party/SEGGER/SEGGER/SEGGER_RTT.o
LOAD Third-Party/SEGGER/SEGGER/SEGGER_SYSVIEW.o
LOAD src/main.o
LOAD src/syscalls.o
LOAD src/system_stm32f4xx.o
LOAD startup/startup_stm32.o
LOAD c:/ac6/systemworkbench/plugins/fr.ac6.mcu.externaltools.arm-none.win32_1.17.0.201812190825/tools/compiler/bin/../lib/gcc/arm-none-eabi/7.3.1/../../../../arm-none-eabi/lib/thumb/v7e-m/fpv4-sp/hard\libm.a
START GROUP
LOAD c:/ac6/systemworkbench/plugins/fr.ac6.mcu.externaltools.arm-none.win32_1.17.0.201812190825/tools/compiler/bin/../lib/gcc/arm-none-eabi/7.3.1/thumb/v7e-m/fpv4-sp/hard\libgcc.a
LOAD c:/ac6/systemworkbench/plugins/fr.ac6.mcu.externaltools.arm-none.win32_1.17.0.201812190825/tools/compiler/bin/../lib/gcc/arm-none-eabi/7.3.1/../../../../arm-none-eabi/lib/thumb/v7e-m/fpv4-sp/hard\libc.a
END GROUP
LOAD c:/ac6/systemworkbench/plugins/fr.ac6.mcu.externaltools.arm-none.win32_1.17.0.201812190825/tools/compiler/bin/../lib/gcc/arm-none-eabi/7.3.1/thumb/v7e-m/fpv4-sp/hard/crtend.o
LOAD c:/ac6/systemworkbench/plugins/fr.ac6.mcu.externaltools.arm-none.win32_1.17.0.201812190825/tools/compiler/bin/../lib/gcc/arm-none-eabi/7.3.1/thumb/v7e-m/fpv4-sp/hard/crtn.o
                0x20020000                _estack = 0x20020000
                0x00000000                _Min_Heap_Size = 0x0
                0x00000400                _Min_Stack_Size = 0x400

.isr_vector     0x08000000      0x1a8
                0x08000000                . = ALIGN (0x4)
 *(.isr_vector)
 .isr_vector    0x08000000      0x1a8 startup/startup_stm32.o
                0x08000000                g_pfnVectors
                0x080001a8                . = ALIGN (0x4)

.text           0x080001b0     0x1860
                0x080001b0                . = ALIGN (0x4)
 *(.text)
 .text          0x080001b0       0x40 c:/ac6/systemworkbench/plugins/fr.ac6.mcu.externaltools.arm-none.win32_1.17.0.201812190825/tools/compiler/bin/../lib/gcc/arm-none-eabi/7.3.1/thumb/v7e-m/fpv4-sp/hard/crtbegin.o
 .text          0x080001f0      0x134 c:/ac6/systemworkbench/plugins/fr.ac6.mcu.externaltools.arm-none.win32_1.17.0.201812190825/tools/compiler/bin/../lib/gcc/arm-none-eabi/7.3.1/../../../../arm-none-eabi/lib/thumb/v7e-m/fpv4-sp/hard\libc.a(lib_a-memcpy.o)
                0x080001f0                memcpy
 *(.text*)
 .text.vListInsertEnd
                0x08000324       0x48 Third-Party/FreeRTOS/org/Source/list.o
                0x08000324                vListInsertEnd
 .text.uxListRemove
                0x0800036c       0x54 Third-Party/FreeRTOS/org/Source/list.o
                0x0800036c                uxListRemove
 .text.xTaskIncrementTick
                0x080003c0      0x178 Third-Party/FreeRTOS/org/Source/tasks.o
                0x080003c0                xTaskIncrementTick
 .text.vTaskSwitchContext
                0x08000538       0xd0 Third-Party/FreeRTOS/org/Source/tasks.o
                0x08000538                vTaskSwitchContext
 .text.prvResetNextTaskUnblockTime
                0x08000608       0x40 Third-Party/FreeRTOS/org/Source/tasks.o
 *fill*         0x08000648        0x8 
 .text.SVC_Handler
                0x08000650       0x28 Third-Party/FreeRTOS/org/Source/portable/GCC/ARM_CM4F/port.o
                0x08000650                SVC_Handler
 *fill*         0x08000678        0x8 
 .text.PendSV_Handler
                0x08000680       0x68 Third-Party/FreeRTOS/org/Source/portable/GCC/ARM_CM4F/port.o
                0x08000680                PendSV_Handler
 .text.SysTick_Handler
                0x080006e8       0x54 Third-Party/FreeRTOS/org/Source/portable/GCC/ARM_CM4F/port.o
                0x080006e8                SysTick_Handler
 .text._DoInit  0x0800073c       0xa4 Third-Party/SEGGER/SEGGER/SEGGER_RTT.o
 .text.SEGGER_RTT_ReadNoLock
                0x080007e0      0x104 Third-Party/SEGGER/SEGGER/SEGGER_RTT.o
                0x080007e0                SEGGER_RTT_ReadNoLock
 .text.SEGGER_RTT_WriteSkipNoLock
                0x080008e4      0x120 Third-Party/SEGGER/SEGGER/SEGGER_RTT.o
                0x080008e4                SEGGER_RTT_WriteSkipNoLock
 .text._EncodeStr
                0x08000a04       0x9a Third-Party/SEGGER/SEGGER/SEGGER_SYSVIEW.o
 .text._PreparePacket
                0x08000a9e       0x18 Third-Party/SEGGER/SEGGER/SEGGER_SYSVIEW.o
 .text._HandleIncomingPacket
                0x08000ab6       0xb8 Third-Party/SEGGER/SEGGER/SEGGER_SYSVIEW.o
 *fill*         0x08000b6e        0x2 
 .text._TrySendOverflowPacket
                0x08000b70       0xe0 Third-Party/SEGGER/SEGGER/SEGGER_SYSVIEW.o
 .text._SendPacket
                0x08000c50      0x1a8 Third-Party/SEGGER/SEGGER/SEGGER_SYSVIEW.o
 .text.SEGGER_SYSVIEW_RecordVoid
                0x08000df8       0x3c Third-Party/SEGGER/SEGGER/SEGGER_SYSVIEW.o
                0x08000df8                SEGGER_SYSVIEW_RecordVoid
 .text.SEGGER_SYSVIEW_RecordU32
                0x08000e34       0x78 Third-Party/SEGGER/SEGGER/SEGGER_SYSVIEW.o
                0x08000e34                SEGGER_SYSVIEW_RecordU32
 .text.SEGGER_SYSVIEW_RecordU32x2
                0x08000eac       0xb4 Third-Party/SEGGER/SEGGER/SEGGER_SYSVIEW.o
                0x08000eac                SEGGER_SYSVIEW_RecordU32x2
 .text.SEGGER_SYSVIEW_Start
                0x08000f60      0x178 Third-Party/SEGGER/SEGGER/SEGGER_SYSVIEW.o
                0x08000f60                SEGGER_SYSVIEW_Start
 .text.SEGGER_SYSVIEW_Stop
                0x080010d8       0x4c Third-Party/SEGGER/SEGGER/SEGGER_SYSVIEW.o
                0x080010d8                SEGGER_SYSVIEW_Stop
 .text.SEGGER_SYSVIEW_GetSysDesc
                0x08001124      0x134 Third-Party/SEGGER/SEGGER/SEGGER_SYSVIEW.o
                0x08001124                SEGGER_SYSVIEW_GetSysDesc
 .text.SEGGER_SYSVIEW_SendTaskList
                0x08001258       0x28 Third-Party/SEGGER/SEGGER/SEGGER_SYSVIEW.o
                0x08001258                SEGGER_SYSVIEW_SendTaskList
 .text.SEGGER_SYSVIEW_RecordSystime
                0x08001280       0x60 Third-Party/SEGGER/SEGGER/SEGGER_SYSVIEW.o
                0x08001280                SEGGER_SYSVIEW_RecordSystime
 .text.SEGGER_SYSVIEW_RecordEnterISR
                0x080012e0       0x84 Third-Party/SEGGER/SEGGER/SEGGER_SYSVIEW.o
                0x080012e0                SEGGER_SYSVIEW_RecordEnterISR
 .text.SEGGER_SYSVIEW_RecordExitISR
                0x08001364       0x38 Third-Party/SEGGER/SEGGER/SEGGER_SYSVIEW.o
                0x08001364                SEGGER_SYSVIEW_RecordExitISR
 .text.SEGGER_SYSVIEW_RecordExitISRToScheduler
                0x0800139c       0x38 Third-Party/SEGGER/SEGGER/SEGGER_SYSVIEW.o
                0x0800139c                SEGGER_SYSVIEW_RecordExitISRToScheduler
 .text.SEGGER_SYSVIEW_OnIdle
                0x080013d4       0x38 Third-Party/SEGGER/SEGGER/SEGGER_SYSVIEW.o
                0x080013d4                SEGGER_SYSVIEW_OnIdle
 .text.SEGGER_SYSVIEW_OnTaskStartExec
                0x0800140c       0x88 Third-Party/SEGGER/SEGGER/SEGGER_SYSVIEW.o
                0x0800140c                SEGGER_SYSVIEW_OnTaskStartExec
 .text.SEGGER_SYSVIEW_OnTaskStartReady
                0x08001494       0x88 Third-Party/SEGGER/SEGGER/SEGGER_SYSVIEW.o
                0x08001494                SEGGER_SYSVIEW_OnTaskStartReady
 .text.SEGGER_SYSVIEW_SendModule
                0x0800151c      0x100 Third-Party/SEGGER/SEGGER/SEGGER_SYSVIEW.o
                0x0800151c                SEGGER_SYSVIEW_SendModule
 .text.SEGGER_SYSVIEW_SendModuleDescription
                0x0800161c       0x3c Third-Party/SEGGER/SEGGER/SEGGER_SYSVIEW.o
                0x0800161c                SEGGER_SYSVIEW_SendModuleDescription
 .text.SEGGER_SYSVIEW_SendNumModules
                0x08001658       0x7c Third-Party/SEGGER/SEGGER/SEGGER_SYSVIEW.o
                0x08001658                SEGGER_SYSVIEW_SendNumModules
 .text.main     0x080016d4        0x6 src/main.o
                0x080016d4                main
 *fill*         0x080016da        0x2 
 .text.SystemInit
                0x080016dc       0x6c src/system_stm32f4xx.o
                0x080016dc                SystemInit
 .text.SetSysClock
                0x08001748       0xf8 src/system_stm32f4xx.o
 .text.Reset_Handler
                0x08001840       0x50 startup/startup_stm32.o
                0x08001840                Reset_Handler
 .text.Default_Handler
                0x08001890        0x2 startup/startup_stm32.o
                0x08001890                RTC_Alarm_IRQHandler
                0x08001890                HASH_RNG_IRQHandler
                0x08001890                EXTI2_IRQHandler
                0x08001890                TIM8_CC_IRQHandler
                0x08001890                DebugMon_Handler
                0x08001890                TIM1_CC_IRQHandler
                0x08001890                DMA2_Stream5_IRQHandler
                0x08001890                HardFault_Handler
                0x08001890                DMA1_Stream5_IRQHandler
                0x08001890                PVD_IRQHandler
                0x08001890                SDIO_IRQHandler
                0x08001890                TAMP_STAMP_IRQHandler
                0x08001890                NMI_Handler
                0x08001890                CAN2_RX1_IRQHandler
                0x08001890                EXTI3_IRQHandler
                0x08001890                TIM8_TRG_COM_TIM14_IRQHandler
                0x08001890                TIM1_UP_TIM10_IRQHandler
                0x08001890                TIM8_UP_TIM13_IRQHandler
                0x08001890                I2C3_ER_IRQHandler
                0x08001890                LCD_TFT_IRQHandler
                0x08001890                EXTI0_IRQHandler
                0x08001890                I2C2_EV_IRQHandler
                0x08001890                DMA1_Stream2_IRQHandler
                0x08001890                CAN1_RX0_IRQHandler
                0x08001890                FPU_IRQHandler
                0x08001890                OTG_HS_WKUP_IRQHandler
                0x08001890                UsageFault_Handler
                0x08001890                CAN2_SCE_IRQHandler
                0x08001890                DMA2_Stream2_IRQHandler
                0x08001890                SPI1_IRQHandler
                0x08001890                TIM6_DAC_IRQHandler
                0x08001890                TIM1_BRK_TIM9_IRQHandler
                0x08001890                DCMI_IRQHandler
                0x08001890                CAN2_RX0_IRQHandler
                0x08001890                DMA2_Stream3_IRQHandler
                0x08001890                USART6_IRQHandler
                0x08001890                USART3_IRQHandler
                0x08001890                CRYP_IRQHandler
                0x08001890                CAN1_RX1_IRQHandler
                0x08001890                UART5_IRQHandler
                0x08001890                DMA2_Stream0_IRQHandler
                0x08001890                TIM4_IRQHandler
                0x08001890                I2C1_EV_IRQHandler
                0x08001890                DMA1_Stream6_IRQHandler
                0x08001890                DMA1_Stream1_IRQHandler
                0x08001890                UART4_IRQHandler
                0x08001890                LCD_TFT_1_IRQHandler
                0x08001890                TIM3_IRQHandler
                0x08001890                RCC_IRQHandler
                0x08001890                TIM8_BRK_TIM12_IRQHandler
                0x08001890                Default_Handler
                0x08001890                EXTI15_10_IRQHandler
                0x08001890                ADC_IRQHandler
                0x08001890                DMA1_Stream7_IRQHandler
                0x08001890                TIM7_IRQHandler
                0x08001890                CAN2_TX_IRQHandler
                0x08001890                TIM5_IRQHandler
                0x08001890                DMA2_Stream7_IRQHandler
                0x08001890                I2C3_EV_IRQHandler
                0x08001890                EXTI9_5_IRQHandler
                0x08001890                RTC_WKUP_IRQHandler
                0x08001890                ETH_WKUP_IRQHandler
                0x08001890                SPI2_IRQHandler
                0x08001890                OTG_HS_EP1_IN_IRQHandler
                0x08001890                MemManage_Handler
                0x08001890                DMA1_Stream0_IRQHandler
                0x08001890                CAN1_TX_IRQHandler
                0x08001890                EXTI4_IRQHandler
                0x08001890                FSMC_IRQHandler
                0x08001890                ETH_IRQHandler
                0x08001890                OTG_HS_EP1_OUT_IRQHandler
                0x08001890                WWDG_IRQHandler
                0x08001890                TIM2_IRQHandler
                0x08001890                OTG_FS_WKUP_IRQHandler
                0x08001890                TIM1_TRG_COM_TIM11_IRQHandler
                0x08001890                OTG_HS_IRQHandler
                0x08001890                EXTI1_IRQHandler
                0x08001890                USART2_IRQHandler
                0x08001890                I2C2_ER_IRQHandler
                0x08001890                DMA2_Stream1_IRQHandler
                0x08001890                CAN1_SCE_IRQHandler
                0x08001890                DMA2_Stream4_IRQHandler
                0x08001890                BusFault_Handler
                0x08001890                USART1_IRQHandler
                0x08001890                OTG_FS_IRQHandler
                0x08001890                SPI3_IRQHandler
                0x08001890                DMA1_Stream4_IRQHandler
                0x08001890                I2C1_ER_IRQHandler
                0x08001890                DMA2_Stream6_IRQHandler
                0x08001890                DMA1_Stream3_IRQHandler
 *fill*         0x08001892        0x2 
 .text.__libc_init_array
                0x08001894       0x48 c:/ac6/systemworkbench/plugins/fr.ac6.mcu.externaltools.arm-none.win32_1.17.0.201812190825/tools/compiler/bin/../lib/gcc/arm-none-eabi/7.3.1/../../../../arm-none-eabi/lib/thumb/v7e-m/fpv4-sp/hard\libc.a(lib_a-init.o)
                0x08001894                __libc_init_array
 .text.startup.register_fini
                0x080018dc       0x14 c:/ac6/systemworkbench/plugins/fr.ac6.mcu.externaltools.arm-none.win32_1.17.0.201812190825/tools/compiler/bin/../lib/gcc/arm-none-eabi/7.3.1/../../../../arm-none-eabi/lib/thumb/v7e-m/fpv4-sp/hard\libc.a(lib_a-__call_atexit.o)
 .text.atexit   0x080018f0        0xc c:/ac6/systemworkbench/plugins/fr.ac6.mcu.externaltools.arm-none.win32_1.17.0.201812190825/tools/compiler/bin/../lib/gcc/arm-none-eabi/7.3.1/../../../../arm-none-eabi/lib/thumb/v7e-m/fpv4-sp/hard\libc.a(lib_a-atexit.o)
                0x080018f0                atexit
 .text.__libc_fini_array
                0x080018fc       0x34 c:/ac6/systemworkbench/plugins/fr.ac6.mcu.externaltools.arm-none.win32_1.17.0.201812190825/tools/compiler/bin/../lib/gcc/arm-none-eabi/7.3.1/../../../../arm-none-eabi/lib/thumb/v7e-m/fpv4-sp/hard\libc.a(lib_a-fini.o)
                0x080018fc                __libc_fini_array
 .text.__retarget_lock_acquire_recursive
                0x08001930        0x4 c:/ac6/systemworkbench/plugins/fr.ac6.mcu.externaltools.arm-none.win32_1.17.0.201812190825/tools/compiler/bin/../lib/gcc/arm-none-eabi/7.3.1/../../../../arm-none-eabi/lib/thumb/v7e-m/fpv4-sp/hard\libc.a(lib_a-lock.o)
                0x08001930                __retarget_lock_acquire_recursive
 .text.__retarget_lock_release_recursive
                0x08001934        0x4 c:/ac6/systemworkbench/plugins/fr.ac6.mcu.externaltools.arm-none.win32_1.17.0.201812190825/tools/compiler/bin/../lib/gcc/arm-none-eabi/7.3.1/../../../../arm-none-eabi/lib/thumb/v7e-m/fpv4-sp/hard\libc.a(lib_a-lock.o)
                0x08001934                __retarget_lock_release_recursive
 .text.__register_exitproc
                0x08001938       0xc0 c:/ac6/systemworkbench/plugins/fr.ac6.mcu.externaltools.arm-none.win32_1.17.0.201812190825/tools/compiler/bin/../lib/gcc/arm-none-eabi/7.3.1/../../../../arm-none-eabi/lib/thumb/v7e-m/fpv4-sp/hard\libc.a(lib_a-__atexit.o)
                0x08001938                __register_exitproc
 *(.glue_7)
 .glue_7        0x080019f8        0x0 linker stubs
 *(.glue_7t)
 .glue_7t       0x080019f8        0x0 linker stubs
 *(.eh_frame)
 .eh_frame      0x080019f8        0x0 c:/ac6/systemworkbench/plugins/fr.ac6.mcu.externaltools.arm-none.win32_1.17.0.201812190825/tools/compiler/bin/../lib/gcc/arm-none-eabi/7.3.1/thumb/v7e-m/fpv4-sp/hard/crtbegin.o
 *(.init)
 .init          0x080019f8        0x4 c:/ac6/systemworkbench/plugins/fr.ac6.mcu.externaltools.arm-none.win32_1.17.0.201812190825/tools/compiler/bin/../lib/gcc/arm-none-eabi/7.3.1/thumb/v7e-m/fpv4-sp/hard/crti.o
                0x080019f8                _init
 .init          0x080019fc        0x8 c:/ac6/systemworkbench/plugins/fr.ac6.mcu.externaltools.arm-none.win32_1.17.0.201812190825/tools/compiler/bin/../lib/gcc/arm-none-eabi/7.3.1/thumb/v7e-m/fpv4-sp/hard/crtn.o
 *(.fini)
 .fini          0x08001a04        0x4 c:/ac6/systemworkbench/plugins/fr.ac6.mcu.externaltools.arm-none.win32_1.17.0.201812190825/tools/compiler/bin/../lib/gcc/arm-none-eabi/7.3.1/thumb/v7e-m/fpv4-sp/hard/crti.o
                0x08001a04                _fini
 .fini          0x08001a08        0x8 c:/ac6/systemworkbench/plugins/fr.ac6.mcu.externaltools.arm-none.win32_1.17.0.201812190825/tools/compiler/bin/../lib/gcc/arm-none-eabi/7.3.1/thumb/v7e-m/fpv4-sp/hard/crtn.o
                0x08001a10                . = ALIGN (0x4)
                0x08001a10                _etext = .

.vfp11_veneer   0x08001a10        0x0
 .vfp11_veneer  0x08001a10        0x0 linker stubs

.v4_bx          0x08001a10        0x0
 .v4_bx         0x08001a10        0x0 linker stubs

.iplt           0x08001a10        0x0
 .iplt          0x08001a10        0x0 c:/ac6/systemworkbench/plugins/fr.ac6.mcu.externaltools.arm-none.win32_1.17.0.201812190825/tools/compiler/bin/../lib/gcc/arm-none-eabi/7.3.1/thumb/v7e-m/fpv4-sp/hard/crtbegin.o

.rodata         0x08001a10       0x40
                0x08001a10                . = ALIGN (0x4)
 *(.rodata)
 .rodata        0x08001a10       0x17 Third-Party/SEGGER/SEGGER/SEGGER_RTT.o
 *fill*         0x08001a27        0x1 
 .rodata        0x08001a28       0x24 Third-Party/SEGGER/SEGGER/SEGGER_SYSVIEW.o
 *(.rodata*)
 .rodata._global_impure_ptr
                0x08001a4c        0x4 c:/ac6/systemworkbench/plugins/fr.ac6.mcu.externaltools.arm-none.win32_1.17.0.201812190825/tools/compiler/bin/../lib/gcc/arm-none-eabi/7.3.1/../../../../arm-none-eabi/lib/thumb/v7e-m/fpv4-sp/hard\libc.a(lib_a-impure.o)
                0x08001a4c                _global_impure_ptr
                0x08001a50                . = ALIGN (0x4)

.rel.dyn        0x08001a50        0x0
 .rel.iplt      0x08001a50        0x0 c:/ac6/systemworkbench/plugins/fr.ac6.mcu.externaltools.arm-none.win32_1.17.0.201812190825/tools/compiler/bin/../lib/gcc/arm-none-eabi/7.3.1/thumb/v7e-m/fpv4-sp/hard/crtbegin.o

.ARM.extab      0x08001a50        0x0
                0x08001a50                . = ALIGN (0x4)
 *(.ARM.extab* .gnu.linkonce.armextab.*)
                0x08001a50                . = ALIGN (0x4)

.ARM            0x08001a50        0x0
                0x08001a50                . = ALIGN (0x4)
                0x08001a50                __exidx_start = .
 *(.ARM.exidx*)
                0x08001a50                __exidx_end = .
                0x08001a50                . = ALIGN (0x4)

.preinit_array  0x08001a50        0x0
                0x08001a50                . = ALIGN (0x4)
                0x08001a50                PROVIDE (__preinit_array_start = .)
 *(.preinit_array*)
                0x08001a50                PROVIDE (__preinit_array_end = .)
                0x08001a50                . = ALIGN (0x4)

.init_array     0x08001a50        0x8
                0x08001a50                . = ALIGN (0x4)
                0x08001a50                PROVIDE (__init_array_start = .)
 *(SORT_BY_NAME(.init_array.*))
 .init_array.00000
                0x08001a50        0x4 c:/ac6/systemworkbench/plugins/fr.ac6.mcu.externaltools.arm-none.win32_1.17.0.201812190825/tools/compiler/bin/../lib/gcc/arm-none-eabi/7.3.1/../../../../arm-none-eabi/lib/thumb/v7e-m/fpv4-sp/hard\libc.a(lib_a-__call_atexit.o)
 *(.init_array*)
 .init_array    0x08001a54        0x4 c:/ac6/systemworkbench/plugins/fr.ac6.mcu.externaltools.arm-none.win32_1.17.0.201812190825/tools/compiler/bin/../lib/gcc/arm-none-eabi/7.3.1/thumb/v7e-m/fpv4-sp/hard/crtbegin.o
                0x08001a58                PROVIDE (__init_array_end = .)
                0x08001a58                . = ALIGN (0x4)

.fini_array     0x08001a58        0x4
                0x08001a58                . = ALIGN (0x4)
                0x08001a58                PROVIDE (__fini_array_start = .)
 *(SORT_BY_NAME(.fini_array.*))
 *(.fini_array*)
 .fini_array    0x08001a58        0x4 c:/ac6/systemworkbench/plugins/fr.ac6.mcu.externaltools.arm-none.win32_1.17.0.201812190825/tools/compiler/bin/../lib/gcc/arm-none-eabi/7.3.1/thumb/v7e-m/fpv4-sp/hard/crtbegin.o
                0x08001a5c                PROVIDE (__fini_array_end = .)
                0x08001a5c                . = ALIGN (0x4)
                0x08001a5c                _sidata = LOADADDR (.data)

.data           0x20000000      0x42c load address 0x08001a5c
                0x20000000                . = ALIGN (0x4)
                0x20000000                _sdata = .
 *(.data)
 *(.data*)
 .data.impure_data
                0x20000000      0x428 c:/ac6/systemworkbench/plugins/fr.ac6.mcu.externaltools.arm-none.win32_1.17.0.201812190825/tools/compiler/bin/../lib/gcc/arm-none-eabi/7.3.1/../../../../arm-none-eabi/lib/thumb/v7e-m/fpv4-sp/hard\libc.a(lib_a-impure.o)
 .data.__atexit_recursive_mutex
                0x20000428        0x4 c:/ac6/systemworkbench/plugins/fr.ac6.mcu.externaltools.arm-none.win32_1.17.0.201812190825/tools/compiler/bin/../lib/gcc/arm-none-eabi/7.3.1/../../../../arm-none-eabi/lib/thumb/v7e-m/fpv4-sp/hard\libc.a(lib_a-__call_atexit.o)
                0x20000428                __atexit_recursive_mutex
                0x2000042c                . = ALIGN (0x4)
                0x2000042c                _edata = .

.igot.plt       0x2000042c        0x0 load address 0x08001e88
 .igot.plt      0x2000042c        0x0 c:/ac6/systemworkbench/plugins/fr.ac6.mcu.externaltools.arm-none.win32_1.17.0.201812190825/tools/compiler/bin/../lib/gcc/arm-none-eabi/7.3.1/thumb/v7e-m/fpv4-sp/hard/crtbegin.o
                0x2000042c                . = ALIGN (0x4)

.bss            0x2000042c     0x471c load address 0x08001e88
                0x2000042c                _sbss = .
                0x2000042c                __bss_start__ = _sbss
 *(.bss)
 .bss           0x2000042c       0x1c c:/ac6/systemworkbench/plugins/fr.ac6.mcu.externaltools.arm-none.win32_1.17.0.201812190825/tools/compiler/bin/../lib/gcc/arm-none-eabi/7.3.1/thumb/v7e-m/fpv4-sp/hard/crtbegin.o
 .bss           0x20000448      0x104 Third-Party/FreeRTOS/org/Source/tasks.o
                0x20000448                pxCurrentTCB
 .bss           0x2000054c      0x411 Third-Party/SEGGER/SEGGER/SEGGER_RTT.o
 *fill*         0x2000095d        0x3 
 .bss           0x20000960     0x411b Third-Party/SEGGER/SEGGER/SEGGER_SYSVIEW.o
 *(.bss*)
 *(COMMON)
 *fill*         0x20004a7b        0x1 
 COMMON         0x20004a7c       0xa8 Third-Party/SEGGER/SEGGER/SEGGER_RTT.o
                0x20004a7c                _SEGGER_RTT
 COMMON         0x20004b24       0x21 c:/ac6/systemworkbench/plugins/fr.ac6.mcu.externaltools.arm-none.win32_1.17.0.201812190825/tools/compiler/bin/../lib/gcc/arm-none-eabi/7.3.1/../../../../arm-none-eabi/lib/thumb/v7e-m/fpv4-sp/hard\libc.a(lib_a-lock.o)
                0x20004b24                __lock___atexit_recursive_mutex
                0x20004b28                __lock___arc4random_mutex
                0x20004b2c                __lock___env_recursive_mutex
                0x20004b30                __lock___sinit_recursive_mutex
                0x20004b34                __lock___malloc_recursive_mutex
                0x20004b38                __lock___at_quick_exit_mutex
                0x20004b3c                __lock___dd_hash_mutex
                0x20004b40                __lock___tz_mutex
                0x20004b44                __lock___sfp_recursive_mutex
                0x20004b48                . = ALIGN (0x4)
 *fill*         0x20004b45        0x3 
                0x20004b48                _ebss = .
                0x20004b48                __bss_end__ = _ebss

._user_heap_stack
                0x20004b48      0x400 load address 0x08001e88
                0x20004b48                . = ALIGN (0x8)
                0x20004b48                PROVIDE (end = .)
                [!provide]                PROVIDE (_end = .)
                0x20004b48                . = (. + _Min_Heap_Size)
                0x20004f48                . = (. + _Min_Stack_Size)
 *fill*         0x20004b48      0x400 
                0x20004f48                . = ALIGN (0x8)

/DISCARD/
 libc.a(*)
 libm.a(*)
 libgcc.a(*)

.ARM.attributes
                0x00000000       0x30
 *(.ARM.attributes)
 .ARM.attributes
                0x00000000       0x22 c:/ac6/systemworkbench/plugins/fr.ac6.mcu.externaltools.arm-none.win32_1.17.0.201812190825/tools/compiler/bin/../lib/gcc/arm-none-eabi/7.3.1/thumb/v7e-m/fpv4-sp/hard/crti.o
 .ARM.attributes
                0x00000022       0x34 c:/ac6/systemworkbench/plugins/fr.ac6.mcu.externaltools.arm-none.win32_1.17.0.201812190825/tools/compiler/bin/../lib/gcc/arm-none-eabi/7.3.1/thumb/v7e-m/fpv4-sp/hard/crtbegin.o
 .ARM.attributes
                0x00000056       0x39 Third-Party/FreeRTOS/org/Source/list.o
 .ARM.attributes
                0x0000008f       0x39 Third-Party/FreeRTOS/org/Source/tasks.o
 .ARM.attributes
                0x000000c8       0x39 Third-Party/FreeRTOS/org/Source/portable/GCC/ARM_CM4F/port.o
 .ARM.attributes
                0x00000101       0x39 Third-Party/SEGGER/SEGGER/SEGGER_RTT.o
 .ARM.attributes
                0x0000013a       0x39 Third-Party/SEGGER/SEGGER/SEGGER_SYSVIEW.o
 .ARM.attributes
                0x00000173       0x39 src/main.o
 .ARM.attributes
                0x000001ac       0x39 src/system_stm32f4xx.o
 .ARM.attributes
                0x000001e5       0x21 startup/startup_stm32.o
 .ARM.attributes
                0x00000206       0x34 c:/ac6/systemworkbench/plugins/fr.ac6.mcu.externaltools.arm-none.win32_1.17.0.201812190825/tools/compiler/bin/../lib/gcc/arm-none-eabi/7.3.1/../../../../arm-none-eabi/lib/thumb/v7e-m/fpv4-sp/hard\libc.a(lib_a-impure.o)
 .ARM.attributes
                0x0000023a       0x34 c:/ac6/systemworkbench/plugins/fr.ac6.mcu.externaltools.arm-none.win32_1.17.0.201812190825/tools/compiler/bin/../lib/gcc/arm-none-eabi/7.3.1/../../../../arm-none-eabi/lib/thumb/v7e-m/fpv4-sp/hard\libc.a(lib_a-init.o)
 .ARM.attributes
                0x0000026e       0x20 c:/ac6/systemworkbench/plugins/fr.ac6.mcu.externaltools.arm-none.win32_1.17.0.201812190825/tools/compiler/bin/../lib/gcc/arm-none-eabi/7.3.1/../../../../arm-none-eabi/lib/thumb/v7e-m/fpv4-sp/hard\libc.a(lib_a-memcpy.o)
 .ARM.attributes
                0x0000028e       0x34 c:/ac6/systemworkbench/plugins/fr.ac6.mcu.externaltools.arm-none.win32_1.17.0.201812190825/tools/compiler/bin/../lib/gcc/arm-none-eabi/7.3.1/../../../../arm-none-eabi/lib/thumb/v7e-m/fpv4-sp/hard\libc.a(lib_a-__call_atexit.o)
 .ARM.attributes
                0x000002c2       0x34 c:/ac6/systemworkbench/plugins/fr.ac6.mcu.externaltools.arm-none.win32_1.17.0.201812190825/tools/compiler/bin/../lib/gcc/arm-none-eabi/7.3.1/../../../../arm-none-eabi/lib/thumb/v7e-m/fpv4-sp/hard\libc.a(lib_a-atexit.o)
 .ARM.attributes
                0x000002f6       0x34 c:/ac6/systemworkbench/plugins/fr.ac6.mcu.externaltools.arm-none.win32_1.17.0.201812190825/tools/compiler/bin/../lib/gcc/arm-none-eabi/7.3.1/../../../../arm-none-eabi/lib/thumb/v7e-m/fpv4-sp/hard\libc.a(lib_a-fini.o)
 .ARM.attributes
                0x0000032a       0x34 c:/ac6/systemworkbench/plugins/fr.ac6.mcu.externaltools.arm-none.win32_1.17.0.201812190825/tools/compiler/bin/../lib/gcc/arm-none-eabi/7.3.1/../../../../arm-none-eabi/lib/thumb/v7e-m/fpv4-sp/hard\libc.a(lib_a-lock.o)
 .ARM.attributes
                0x0000035e       0x34 c:/ac6/systemworkbench/plugins/fr.ac6.mcu.externaltools.arm-none.win32_1.17.0.201812190825/tools/compiler/bin/../lib/gcc/arm-none-eabi/7.3.1/../../../../arm-none-eabi/lib/thumb/v7e-m/fpv4-sp/hard\libc.a(lib_a-__atexit.o)
 .ARM.attributes
                0x00000392       0x22 c:/ac6/systemworkbench/plugins/fr.ac6.mcu.externaltools.arm-none.win32_1.17.0.201812190825/tools/compiler/bin/../lib/gcc/arm-none-eabi/7.3.1/thumb/v7e-m/fpv4-sp/hard/crtn.o
OUTPUT(STM32_FreeRTOS_Mutex_using_BinarySemaphore.elf elf32-littlearm)

.debug_info     0x00000000     0x9117
 .debug_info    0x00000000      0xadb Third-Party/FreeRTOS/org/Source/list.o
 .debug_info    0x00000adb     0x2865 Third-Party/FreeRTOS/org/Source/tasks.o
 .debug_info    0x00003340      0x533 Third-Party/FreeRTOS/org/Source/portable/GCC/ARM_CM4F/port.o
 .debug_info    0x00003873     0x16b9 Third-Party/SEGGER/SEGGER/SEGGER_RTT.o
 .debug_info    0x00004f2c     0x3aea Third-Party/SEGGER/SEGGER/SEGGER_SYSVIEW.o
 .debug_info    0x00008a16       0xcd src/main.o
 .debug_info    0x00008ae3      0x612 src/system_stm32f4xx.o
 .debug_info    0x000090f5       0x22 startup/startup_stm32.o

.debug_abbrev   0x00000000      0xfa2
 .debug_abbrev  0x00000000      0x205 Third-Party/FreeRTOS/org/Source/list.o
 .debug_abbrev  0x00000205      0x395 Third-Party/FreeRTOS/org/Source/tasks.o
 .debug_abbrev  0x0000059a      0x210 Third-Party/FreeRTOS/org/Source/portable/GCC/ARM_CM4F/port.o
 .debug_abbrev  0x000007aa      0x2d6 Third-Party/SEGGER/SEGGER/SEGGER_RTT.o
 .debug_abbrev  0x00000a80      0x336 Third-Party/SEGGER/SEGGER/SEGGER_SYSVIEW.o
 .debug_abbrev  0x00000db6       0x7d src/main.o
 .debug_abbrev  0x00000e33      0x15d src/system_stm32f4xx.o
 .debug_abbrev  0x00000f90       0x12 startup/startup_stm32.o

.debug_aranges  0x00000000      0x6a8
 .debug_aranges
                0x00000000       0x40 Third-Party/FreeRTOS/org/Source/list.o
 .debug_aranges
                0x00000040      0x1f8 Third-Party/FreeRTOS/org/Source/tasks.o
 .debug_aranges
                0x00000238       0x80 Third-Party/FreeRTOS/org/Source/portable/GCC/ARM_CM4F/port.o
 .debug_aranges
                0x000002b8      0x110 Third-Party/SEGGER/SEGGER/SEGGER_RTT.o
 .debug_aranges
                0x000003c8      0x268 Third-Party/SEGGER/SEGGER/SEGGER_SYSVIEW.o
 .debug_aranges
                0x00000630       0x20 src/main.o
 .debug_aranges
                0x00000650       0x30 src/system_stm32f4xx.o
 .debug_aranges
                0x00000680       0x28 startup/startup_stm32.o

.debug_ranges   0x00000000      0x630
 .debug_ranges  0x00000000       0x30 Third-Party/FreeRTOS/org/Source/list.o
 .debug_ranges  0x00000030      0x1e8 Third-Party/FreeRTOS/org/Source/tasks.o
 .debug_ranges  0x00000218       0x70 Third-Party/FreeRTOS/org/Source/portable/GCC/ARM_CM4F/port.o
 .debug_ranges  0x00000288      0x100 Third-Party/SEGGER/SEGGER/SEGGER_RTT.o
 .debug_ranges  0x00000388      0x258 Third-Party/SEGGER/SEGGER/SEGGER_SYSVIEW.o
 .debug_ranges  0x000005e0       0x10 src/main.o
 .debug_ranges  0x000005f0       0x20 src/system_stm32f4xx.o
 .debug_ranges  0x00000610       0x20 startup/startup_stm32.o

.debug_macro    0x00000000     0x104a
 .debug_macro   0x00000000      0x1ba Third-Party/FreeRTOS/org/Source/list.o
 .debug_macro   0x000001ba      0x2b5 Third-Party/FreeRTOS/org/Source/tasks.o
 .debug_macro   0x0000046f       0x10 Third-Party/FreeRTOS/org/Source/tasks.o
 .debug_macro   0x0000047f      0x1d6 Third-Party/FreeRTOS/org/Source/portable/GCC/ARM_CM4F/port.o
 .debug_macro   0x00000655      0x164 Third-Party/SEGGER/SEGGER/SEGGER_RTT.o
 .debug_macro   0x000007b9       0x4f Third-Party/SEGGER/SEGGER/SEGGER_RTT.o
 .debug_macro   0x00000808      0x115 Third-Party/SEGGER/SEGGER/SEGGER_RTT.o
 .debug_macro   0x0000091d      0x1f8 Third-Party/SEGGER/SEGGER/SEGGER_SYSVIEW.o
 .debug_macro   0x00000b15       0x65 Third-Party/SEGGER/SEGGER/SEGGER_SYSVIEW.o
 .debug_macro   0x00000b7a       0x35 Third-Party/SEGGER/SEGGER/SEGGER_SYSVIEW.o
 .debug_macro   0x00000baf      0x11b Third-Party/SEGGER/SEGGER/SEGGER_SYSVIEW.o
 .debug_macro   0x00000cca      0x1ae src/main.o
 .debug_macro   0x00000e78      0x1d2 src/system_stm32f4xx.o

.debug_line     0x00000000     0x514d
 .debug_line    0x00000000      0x781 Third-Party/FreeRTOS/org/Source/list.o
 .debug_line    0x00000781     0x14b6 Third-Party/FreeRTOS/org/Source/tasks.o
 .debug_line    0x00001c37      0x8b8 Third-Party/FreeRTOS/org/Source/portable/GCC/ARM_CM4F/port.o
 .debug_line    0x000024ef      0x7e9 Third-Party/SEGGER/SEGGER/SEGGER_RTT.o
 .debug_line    0x00002cd8     0x16bc Third-Party/SEGGER/SEGGER/SEGGER_SYSVIEW.o
 .debug_line    0x00004394      0x659 src/main.o
 .debug_line    0x000049ed      0x6e4 src/system_stm32f4xx.o
 .debug_line    0x000050d1       0x7c startup/startup_stm32.o

.debug_str      0x00000000    0x6d2f8
 .debug_str     0x00000000     0xd612 Third-Party/FreeRTOS/org/Source/list.o
                               0xd89f (size before relaxing)
 .debug_str     0x0000d612     0x2420 Third-Party/FreeRTOS/org/Source/tasks.o
                               0xfcec (size before relaxing)
 .debug_str     0x0000fa32      0x7fb Third-Party/FreeRTOS/org/Source/portable/GCC/ARM_CM4F/port.o
                               0xb969 (size before relaxing)
 .debug_str     0x0001022d      0xdd0 Third-Party/SEGGER/SEGGER/SEGGER_RTT.o
                               0x6dee (size before relaxing)
 .debug_str     0x00010ffd     0x1369 Third-Party/SEGGER/SEGGER/SEGGER_SYSVIEW.o
                               0x8d95 (size before relaxing)
 .debug_str     0x00012366    0x5ad03 src/main.o
                              0x5e980 (size before relaxing)
 .debug_str     0x0006d069      0x266 src/system_stm32f4xx.o
                              0x5ec03 (size before relaxing)
 .debug_str     0x0006d2cf       0x29 startup/startup_stm32.o
                                 0x87 (size before relaxing)

.comment        0x00000000       0x7f
 .comment       0x00000000       0x7f Third-Party/FreeRTOS/org/Source/list.o
                                 0x80 (size before relaxing)
 .comment       0x0000007f       0x80 Third-Party/FreeRTOS/org/Source/tasks.o
 .comment       0x0000007f       0x80 Third-Party/FreeRTOS/org/Source/portable/GCC/ARM_CM4F/port.o
 .comment       0x0000007f       0x80 Third-Party/SEGGER/SEGGER/SEGGER_RTT.o
 .comment       0x0000007f       0x80 Third-Party/SEGGER/SEGGER/SEGGER_SYSVIEW.o
 .comment       0x0000007f       0x80 src/main.o
 .comment       0x0000007f       0x80 src/system_stm32f4xx.o

.debug_frame    0x00000000     0x1d74
 .debug_frame   0x00000000       0xd8 Third-Party/FreeRTOS/org/Source/list.o
 .debug_frame   0x000000d8      0x8bc Third-Party/FreeRTOS/org/Source/tasks.o
 .debug_frame   0x00000994      0x1a8 Third-Party/FreeRTOS/org/Source/portable/GCC/ARM_CM4F/port.o
 .debug_frame   0x00000b3c      0x478 Third-Party/SEGGER/SEGGER/SEGGER_RTT.o
 .debug_frame   0x00000fb4      0xb5c Third-Party/SEGGER/SEGGER/SEGGER_SYSVIEW.o
 .debug_frame   0x00001b10       0x28 src/main.o
 .debug_frame   0x00001b38       0x7c src/system_stm32f4xx.o
 .debug_frame   0x00001bb4       0x2c c:/ac6/systemworkbench/plugins/fr.ac6.mcu.externaltools.arm-none.win32_1.17.0.201812190825/tools/compiler/bin/../lib/gcc/arm-none-eabi/7.3.1/../../../../arm-none-eabi/lib/thumb/v7e-m/fpv4-sp/hard\libc.a(lib_a-init.o)
 .debug_frame   0x00001be0       0x5c c:/ac6/systemworkbench/plugins/fr.ac6.mcu.externaltools.arm-none.win32_1.17.0.201812190825/tools/compiler/bin/../lib/gcc/arm-none-eabi/7.3.1/../../../../arm-none-eabi/lib/thumb/v7e-m/fpv4-sp/hard\libc.a(lib_a-__call_atexit.o)
 .debug_frame   0x00001c3c       0x20 c:/ac6/systemworkbench/plugins/fr.ac6.mcu.externaltools.arm-none.win32_1.17.0.201812190825/tools/compiler/bin/../lib/gcc/arm-none-eabi/7.3.1/../../../../arm-none-eabi/lib/thumb/v7e-m/fpv4-sp/hard\libc.a(lib_a-atexit.o)
 .debug_frame   0x00001c5c       0x34 c:/ac6/systemworkbench/plugins/fr.ac6.mcu.externaltools.arm-none.win32_1.17.0.201812190825/tools/compiler/bin/../lib/gcc/arm-none-eabi/7.3.1/../../../../arm-none-eabi/lib/thumb/v7e-m/fpv4-sp/hard\libc.a(lib_a-fini.o)
 .debug_frame   0x00001c90       0xb0 c:/ac6/systemworkbench/plugins/fr.ac6.mcu.externaltools.arm-none.win32_1.17.0.201812190825/tools/compiler/bin/../lib/gcc/arm-none-eabi/7.3.1/../../../../arm-none-eabi/lib/thumb/v7e-m/fpv4-sp/hard\libc.a(lib_a-lock.o)
 .debug_frame   0x00001d40       0x34 c:/ac6/systemworkbench/plugins/fr.ac6.mcu.externaltools.arm-none.win32_1.17.0.201812190825/tools/compiler/bin/../lib/gcc/arm-none-eabi/7.3.1/../../../../arm-none-eabi/lib/thumb/v7e-m/fpv4-sp/hard\libc.a(lib_a-__atexit.o)
