Archive member included to satisfy reference by file (symbol)

c:/ac6/systemworkbench/plugins/fr.ac6.mcu.externaltools.arm-none.win32_1.17.0.201812190825/tools/compiler/bin/../lib/gcc/arm-none-eabi/7.3.1/../../../../arm-none-eabi/lib/thumb/v7e-m/fpv4-sp/hard\libc.a(lib_a-exit.o)
                              c:/ac6/systemworkbench/plugins/fr.ac6.mcu.externaltools.arm-none.win32_1.17.0.201812190825/tools/compiler/bin/../lib/gcc/arm-none-eabi/7.3.1/../../../../arm-none-eabi/lib/thumb/v7e-m/fpv4-sp/hard/rdimon-crt0.o (exit)
c:/ac6/systemworkbench/plugins/fr.ac6.mcu.externaltools.arm-none.win32_1.17.0.201812190825/tools/compiler/bin/../lib/gcc/arm-none-eabi/7.3.1/../../../../arm-none-eabi/lib/thumb/v7e-m/fpv4-sp/hard\libc.a(lib_a-impure.o)
                              c:/ac6/systemworkbench/plugins/fr.ac6.mcu.externaltools.arm-none.win32_1.17.0.201812190825/tools/compiler/bin/../lib/gcc/arm-none-eabi/7.3.1/../../../../arm-none-eabi/lib/thumb/v7e-m/fpv4-sp/hard\libc.a(lib_a-exit.o) (_global_impure_ptr)
c:/ac6/systemworkbench/plugins/fr.ac6.mcu.externaltools.arm-none.win32_1.17.0.201812190825/tools/compiler/bin/../lib/gcc/arm-none-eabi/7.3.1/../../../../arm-none-eabi/lib/thumb/v7e-m/fpv4-sp/hard\libc.a(lib_a-init.o)
                              c:/ac6/systemworkbench/plugins/fr.ac6.mcu.externaltools.arm-none.win32_1.17.0.201812190825/tools/compiler/bin/../lib/gcc/arm-none-eabi/7.3.1/../../../../arm-none-eabi/lib/thumb/v7e-m/fpv4-sp/hard/rdimon-crt0.o (__libc_init_array)
c:/ac6/systemworkbench/plugins/fr.ac6.mcu.externaltools.arm-none.win32_1.17.0.201812190825/tools/compiler/bin/../lib/gcc/arm-none-eabi/7.3.1/../../../../arm-none-eabi/lib/thumb/v7e-m/fpv4-sp/hard\libc.a(lib_a-memset.o)
                              c:/ac6/systemworkbench/plugins/fr.ac6.mcu.externaltools.arm-none.win32_1.17.0.201812190825/tools/compiler/bin/../lib/gcc/arm-none-eabi/7.3.1/../../../../arm-none-eabi/lib/thumb/v7e-m/fpv4-sp/hard/rdimon-crt0.o (memset)
c:/ac6/systemworkbench/plugins/fr.ac6.mcu.externaltools.arm-none.win32_1.17.0.201812190825/tools/compiler/bin/../lib/gcc/arm-none-eabi/7.3.1/../../../../arm-none-eabi/lib/thumb/v7e-m/fpv4-sp/hard\libc.a(lib_a-__call_atexit.o)
                              c:/ac6/systemworkbench/plugins/fr.ac6.mcu.externaltools.arm-none.win32_1.17.0.201812190825/tools/compiler/bin/../lib/gcc/arm-none-eabi/7.3.1/../../../../arm-none-eabi/lib/thumb/v7e-m/fpv4-sp/hard\libc.a(lib_a-exit.o) (__call_exitprocs)
c:/ac6/systemworkbench/plugins/fr.ac6.mcu.externaltools.arm-none.win32_1.17.0.201812190825/tools/compiler/bin/../lib/gcc/arm-none-eabi/7.3.1/../../../../arm-none-eabi/lib/thumb/v7e-m/fpv4-sp/hard\libc.a(lib_a-atexit.o)
                              c:/ac6/systemworkbench/plugins/fr.ac6.mcu.externaltools.arm-none.win32_1.17.0.201812190825/tools/compiler/bin/../lib/gcc/arm-none-eabi/7.3.1/../../../../arm-none-eabi/lib/thumb/v7e-m/fpv4-sp/hard\libc.a(lib_a-__call_atexit.o) (atexit)
c:/ac6/systemworkbench/plugins/fr.ac6.mcu.externaltools.arm-none.win32_1.17.0.201812190825/tools/compiler/bin/../lib/gcc/arm-none-eabi/7.3.1/../../../../arm-none-eabi/lib/thumb/v7e-m/fpv4-sp/hard\libc.a(lib_a-fini.o)
                              c:/ac6/systemworkbench/plugins/fr.ac6.mcu.externaltools.arm-none.win32_1.17.0.201812190825/tools/compiler/bin/../lib/gcc/arm-none-eabi/7.3.1/../../../../arm-none-eabi/lib/thumb/v7e-m/fpv4-sp/hard\libc.a(lib_a-__call_atexit.o) (__libc_fini_array)
c:/ac6/systemworkbench/plugins/fr.ac6.mcu.externaltools.arm-none.win32_1.17.0.201812190825/tools/compiler/bin/../lib/gcc/arm-none-eabi/7.3.1/../../../../arm-none-eabi/lib/thumb/v7e-m/fpv4-sp/hard\libc.a(lib_a-lock.o)
                              c:/ac6/systemworkbench/plugins/fr.ac6.mcu.externaltools.arm-none.win32_1.17.0.201812190825/tools/compiler/bin/../lib/gcc/arm-none-eabi/7.3.1/../../../../arm-none-eabi/lib/thumb/v7e-m/fpv4-sp/hard\libc.a(lib_a-__call_atexit.o) (__retarget_lock_acquire_recursive)
c:/ac6/systemworkbench/plugins/fr.ac6.mcu.externaltools.arm-none.win32_1.17.0.201812190825/tools/compiler/bin/../lib/gcc/arm-none-eabi/7.3.1/../../../../arm-none-eabi/lib/thumb/v7e-m/fpv4-sp/hard\libc.a(lib_a-__atexit.o)
                              c:/ac6/systemworkbench/plugins/fr.ac6.mcu.externaltools.arm-none.win32_1.17.0.201812190825/tools/compiler/bin/../lib/gcc/arm-none-eabi/7.3.1/../../../../arm-none-eabi/lib/thumb/v7e-m/fpv4-sp/hard\libc.a(lib_a-atexit.o) (__register_exitproc)
c:/ac6/systemworkbench/plugins/fr.ac6.mcu.externaltools.arm-none.win32_1.17.0.201812190825/tools/compiler/bin/../lib/gcc/arm-none-eabi/7.3.1/../../../../arm-none-eabi/lib/thumb/v7e-m/fpv4-sp/hard\librdimon.a(rdimon-syscalls.o)
                              c:/ac6/systemworkbench/plugins/fr.ac6.mcu.externaltools.arm-none.win32_1.17.0.201812190825/tools/compiler/bin/../lib/gcc/arm-none-eabi/7.3.1/../../../../arm-none-eabi/lib/thumb/v7e-m/fpv4-sp/hard/rdimon-crt0.o (initialise_monitor_handles)
[...]
Memory Configuration

Name             Origin             Length             Attributes
RAM              0x20000000         0x00020000         xrw
ROM              0x08000000         0x00100000         xr
*default*        0x00000000         0xffffffff

Linker script and memory map

LOAD c:/ac6/systemworkbench/plugins/fr.ac6.mcu.externaltools.arm-none.win32_1.17.0.201812190825/tools/compiler/bin/../lib/gcc/arm-none-eabi/7.3.1/thumb/v7e-m/fpv4-sp/hard/crti.o
LOAD c:/ac6/systemworkbench/plugins/fr.ac6.mcu.externaltools.arm-none.win32_1.17.0.201812190825/tools/compiler/bin/../lib/gcc/arm-none-eabi/7.3.1/thumb/v7e-m/fpv4-sp/hard/crtbegin.o
LOAD c:/ac6/systemworkbench/plugins/fr.ac6.mcu.externaltools.arm-none.win32_1.17.0.201812190825/tools/compiler/bin/../lib/gcc/arm-none-eabi/7.3.1/../../../../arm-none-eabi/lib/thumb/v7e-m/fpv4-sp/hard/rdimon-crt0.o
LOAD c:/ac6/systemworkbench/plugins/fr.ac6.mcu.externaltools.arm-none.win32_1.17.0.201812190825/tools/compiler/bin/../lib/gcc/arm-none-eabi/7.3.1/../../../../arm-none-eabi/lib/thumb/v7e-m/fpv4-sp/hard\libc.a
LOAD c:/ac6/systemworkbench/plugins/fr.ac6.mcu.externaltools.arm-none.win32_1.17.0.201812190825/tools/compiler/bin/../lib/gcc/arm-none-eabi/7.3.1/../../../../arm-none-eabi/lib/thumb/v7e-m/fpv4-sp/hard\librdimon.a
LOAD StdPeriph_Driver/src/misc.o
LOAD StdPeriph_Driver/src/stm32f4xx_adc.o
LOAD StdPeriph_Driver/src/stm32f4xx_can.o
LOAD StdPeriph_Driver/src/stm32f4xx_cec.o
LOAD StdPeriph_Driver/src/stm32f4xx_crc.o
LOAD StdPeriph_Driver/src/stm32f4xx_cryp.o
LOAD StdPeriph_Driver/src/stm32f4xx_cryp_aes.o
LOAD StdPeriph_Driver/src/stm32f4xx_cryp_des.o
LOAD StdPeriph_Driver/src/stm32f4xx_cryp_tdes.o
LOAD StdPeriph_Driver/src/stm32f4xx_dac.o
LOAD StdPeriph_Driver/src/stm32f4xx_dbgmcu.o
LOAD StdPeriph_Driver/src/stm32f4xx_dcmi.o
LOAD StdPeriph_Driver/src/stm32f4xx_dfsdm.o
LOAD StdPeriph_Driver/src/stm32f4xx_dma.o
LOAD StdPeriph_Driver/src/stm32f4xx_dma2d.o
LOAD StdPeriph_Driver/src/stm32f4xx_dsi.o
LOAD StdPeriph_Driver/src/stm32f4xx_exti.o
LOAD StdPeriph_Driver/src/stm32f4xx_flash.o
LOAD StdPeriph_Driver/src/stm32f4xx_flash_ramfunc.o
LOAD StdPeriph_Driver/src/stm32f4xx_fmc.o
LOAD StdPeriph_Driver/src/stm32f4xx_fmip2c.o
LOAD StdPeriph_Driver/src/stm32f4xx_fsmc.o
LOAD StdPeriph_Driver/src/stm32f4xx_gpio.o
LOAD StdPeriph_Driver/src/stm32f4xx_hash.o
LOAD StdPeriph_Driver/src/stm32f4xx_hash_md5.o
LOAD StdPeriph_Driver/src/stm32f4xx_hash_sha1.o
LOAD StdPeriph_Driver/src/stm32f4xx_i2c.o
LOAD StdPeriph_Driver/src/stm32f4xx_iwdg.o
LOAD StdPeriph_Driver/src/stm32f4xx_lptim.o
LOAD StdPeriph_Driver/src/stm32f4xx_ltdc.o
LOAD StdPeriph_Driver/src/stm32f4xx_pwr.o
LOAD StdPeriph_Driver/src/stm32f4xx_qspi.o
LOAD StdPeriph_Driver/src/stm32f4xx_rcc.o
LOAD StdPeriph_Driver/src/stm32f4xx_rng.o
LOAD StdPeriph_Driver/src/stm32f4xx_rtc.o
LOAD StdPeriph_Driver/src/stm32f4xx_sai.o
LOAD StdPeriph_Driver/src/stm32f4xx_sdio.o
LOAD StdPeriph_Driver/src/stm32f4xx_spdifrx.o
LOAD StdPeriph_Driver/src/stm32f4xx_spi.o
LOAD StdPeriph_Driver/src/stm32f4xx_syscfg.o
LOAD StdPeriph_Driver/src/stm32f4xx_tim.o
LOAD StdPeriph_Driver/src/stm32f4xx_usart.o
LOAD StdPeriph_Driver/src/stm32f4xx_wwdg.o
LOAD Third-Party/FreeRTOS/org/Source/croutine.o
LOAD Third-Party/FreeRTOS/org/Source/event_groups.o
LOAD Third-Party/FreeRTOS/org/Source/list.o
LOAD Third-Party/FreeRTOS/org/Source/queue.o
LOAD Third-Party/FreeRTOS/org/Source/stream_buffer.o
LOAD Third-Party/FreeRTOS/org/Source/tasks.o
LOAD Third-Party/FreeRTOS/org/Source/timers.o
LOAD Third-Party/FreeRTOS/org/Source/portable/GCC/ARM_CM4F/port.o
LOAD Third-Party/FreeRTOS/org/Source/portable/MemMang/heap_4.o
LOAD src/main.o
LOAD src/system_stm32f4xx.o
LOAD startup/startup_stm32.o
LOAD c:/ac6/systemworkbench/plugins/fr.ac6.mcu.externaltools.arm-none.win32_1.17.0.201812190825/tools/compiler/bin/../lib/gcc/arm-none-eabi/7.3.1/../../../../arm-none-eabi/lib/thumb/v7e-m/fpv4-sp/hard\libm.a
START GROUP
LOAD c:/ac6/systemworkbench/plugins/fr.ac6.mcu.externaltools.arm-none.win32_1.17.0.201812190825/tools/compiler/bin/../lib/gcc/arm-none-eabi/7.3.1/thumb/v7e-m/fpv4-sp/hard\libgcc.a
LOAD c:/ac6/systemworkbench/plugins/fr.ac6.mcu.externaltools.arm-none.win32_1.17.0.201812190825/tools/compiler/bin/../lib/gcc/arm-none-eabi/7.3.1/../../../../arm-none-eabi/lib/thumb/v7e-m/fpv4-sp/hard\libc.a
END GROUP
START GROUP
LOAD c:/ac6/systemworkbench/plugins/fr.ac6.mcu.externaltools.arm-none.win32_1.17.0.201812190825/tools/compiler/bin/../lib/gcc/arm-none-eabi/7.3.1/thumb/v7e-m/fpv4-sp/hard\libgcc.a
LOAD c:/ac6/systemworkbench/plugins/fr.ac6.mcu.externaltools.arm-none.win32_1.17.0.201812190825/tools/compiler/bin/../lib/gcc/arm-none-eabi/7.3.1/../../../../arm-none-eabi/lib/thumb/v7e-m/fpv4-sp/hard\libc.a
LOAD c:/ac6/systemworkbench/plugins/fr.ac6.mcu.externaltools.arm-none.win32_1.17.0.201812190825/tools/compiler/bin/../lib/gcc/arm-none-eabi/7.3.1/../../../../arm-none-eabi/lib/thumb/v7e-m/fpv4-sp/hard\librdimon.a
END GROUP
LOAD c:/ac6/systemworkbench/plugins/fr.ac6.mcu.externaltools.arm-none.win32_1.17.0.201812190825/tools/compiler/bin/../lib/gcc/arm-none-eabi/7.3.1/thumb/v7e-m/fpv4-sp/hard/crtend.o
LOAD c:/ac6/systemworkbench/plugins/fr.ac6.mcu.externaltools.arm-none.win32_1.17.0.201812190825/tools/compiler/bin/../lib/gcc/arm-none-eabi/7.3.1/thumb/v7e-m/fpv4-sp/hard/crtn.o
                0x20020000                _estack = 0x20020000
                0x00000000                _Min_Heap_Size = 0x0
                0x00000400                _Min_Stack_Size = 0x400

.isr_vector     0x08000000      0x1c4
                0x08000000                . = ALIGN (0x4)
 *(.isr_vector)
 .isr_vector    0x08000000      0x1c4 startup/startup_stm32.o
                0x08000000                g_pfnVectors
                0x080001c4                . = ALIGN (0x4)

.text           0x08000200     0x350c
                0x08000200                . = ALIGN (0x4)
 *(.text)
 .text          0x08000200       0x40 c:/ac6/systemworkbench/plugins/fr.ac6.mcu.externaltools.arm-none.win32_1.17.0.201812190825/tools/compiler/bin/../lib/gcc/arm-none-eabi/7.3.1/thumb/v7e-m/fpv4-sp/hard/crtbegin.o
 .text          0x08000240      0x134 c:/ac6/systemworkbench/plugins/fr.ac6.mcu.externaltools.arm-none.win32_1.17.0.201812190825/tools/compiler/bin/../lib/gcc/arm-none-eabi/7.3.1/../../../../arm-none-eabi/lib/thumb/v7e-m/fpv4-sp/hard\libc.a(lib_a-memcpy.o)
                0x08000240                memcpy
 *fill*         0x08000374        0xc 
 .text          0x08000380       0xdc c:/ac6/systemworkbench/plugins/fr.ac6.mcu.externaltools.arm-none.win32_1.17.0.201812190825/tools/compiler/bin/../lib/gcc/arm-none-eabi/7.3.1/../../../../arm-none-eabi/lib/thumb/v7e-m/fpv4-sp/hard\libc.a(lib_a-strlen.o)
                0x08000380                strlen
 *(.text*)
 .text.__libc_init_array
                0x0800045c       0x48 c:/ac6/systemworkbench/plugins/fr.ac6.mcu.externaltools.arm-none.win32_1.17.0.201812190825/tools/compiler/bin/../lib/gcc/arm-none-eabi/7.3.1/../../../../arm-none-eabi/lib/thumb/v7e-m/fpv4-sp/hard\libc.a(lib_a-init.o)
                0x0800045c                __libc_init_array
 .text.memset   0x080004a4       0x94 c:/ac6/systemworkbench/plugins/fr.ac6.mcu.externaltools.arm-none.win32_1.17.0.201812190825/tools/compiler/bin/../lib/gcc/arm-none-eabi/7.3.1/../../../../arm-none-eabi/lib/thumb/v7e-m/fpv4-sp/hard\libc.a(lib_a-memset.o)
                0x080004a4                memset
 .text.startup.register_fini
                0x08000538       0x14 c:/ac6/systemworkbench/plugins/fr.ac6.mcu.externaltools.arm-none.win32_1.17.0.201812190825/tools/compiler/bin/../lib/gcc/arm-none-eabi/7.3.1/../../../../arm-none-eabi/lib/thumb/v7e-m/fpv4-sp/hard\libc.a(lib_a-__call_atexit.o)
 .text.atexit   0x0800054c        0xc c:/ac6/systemworkbench/plugins/fr.ac6.mcu.externaltools.arm-none.win32_1.17.0.201812190825/tools/compiler/bin/../lib/gcc/arm-none-eabi/7.3.1/../../../../arm-none-eabi/lib/thumb/v7e-m/fpv4-sp/hard\libc.a(lib_a-atexit.o)
                0x0800054c                atexit
 .text.__libc_fini_array
                0x08000558       0x34 c:/ac6/systemworkbench/plugins/fr.ac6.mcu.externaltools.arm-none.win32_1.17.0.201812190825/tools/compiler/bin/../lib/gcc/arm-none-eabi/7.3.1/../../../../arm-none-eabi/lib/thumb/v7e-m/fpv4-sp/hard\libc.a(lib_a-fini.o)
                0x08000558                __libc_fini_array
 .text.__retarget_lock_acquire_recursive
                0x0800058c        0x4 c:/ac6/systemworkbench/plugins/fr.ac6.mcu.externaltools.arm-none.win32_1.17.0.201812190825/tools/compiler/bin/../lib/gcc/arm-none-eabi/7.3.1/../../../../arm-none-eabi/lib/thumb/v7e-m/fpv4-sp/hard\libc.a(lib_a-lock.o)
                0x0800058c                __retarget_lock_acquire_recursive
 .text.__retarget_lock_release_recursive
                0x08000590        0x4 c:/ac6/systemworkbench/plugins/fr.ac6.mcu.externaltools.arm-none.win32_1.17.0.201812190825/tools/compiler/bin/../lib/gcc/arm-none-eabi/7.3.1/../../../../arm-none-eabi/lib/thumb/v7e-m/fpv4-sp/hard\libc.a(lib_a-lock.o)
                0x08000590                __retarget_lock_release_recursive
 .text.__register_exitproc
                0x08000594       0xc0 c:/ac6/systemworkbench/plugins/fr.ac6.mcu.externaltools.arm-none.win32_1.17.0.201812190825/tools/compiler/bin/../lib/gcc/arm-none-eabi/7.3.1/../../../../arm-none-eabi/lib/thumb/v7e-m/fpv4-sp/hard\libc.a(lib_a-__atexit.o)
                0x08000594                __register_exitproc
 .text.GPIO_Init
                0x08000654      0x11c StdPeriph_Driver/src/stm32f4xx_gpio.o
                0x08000654                GPIO_Init
 .text.GPIO_PinAFConfig
                0x08000770       0x92 StdPeriph_Driver/src/stm32f4xx_gpio.o
                0x08000770                GPIO_PinAFConfig
 *fill*         0x08000802        0x2 
 .text.RCC_DeInit
                0x08000804       0x70 StdPeriph_Driver/src/stm32f4xx_rcc.o
                0x08000804                RCC_DeInit
 .text.RCC_GetClocksFreq
                0x08000874      0x150 StdPeriph_Driver/src/stm32f4xx_rcc.o
                0x08000874                RCC_GetClocksFreq
 .text.RCC_AHB1PeriphClockCmd
                0x080009c4       0x40 StdPeriph_Driver/src/stm32f4xx_rcc.o
                0x080009c4                RCC_AHB1PeriphClockCmd
 .text.RCC_APB1PeriphClockCmd
                0x08000a04       0x40 StdPeriph_Driver/src/stm32f4xx_rcc.o
                0x08000a04                RCC_APB1PeriphClockCmd
 .text.USART_Init
                0x08000a44      0x174 StdPeriph_Driver/src/stm32f4xx_usart.o
                0x08000a44                USART_Init
 .text.USART_Cmd
                0x08000bb8       0x40 StdPeriph_Driver/src/stm32f4xx_usart.o
                0x08000bb8                USART_Cmd
 .text.USART_SendData
                0x08000bf8       0x24 StdPeriph_Driver/src/stm32f4xx_usart.o
                0x08000bf8                USART_SendData
 .text.USART_GetFlagStatus
                0x08000c1c       0x38 StdPeriph_Driver/src/stm32f4xx_usart.o
                0x08000c1c                USART_GetFlagStatus
 .text.vListInitialise
                0x08000c54       0x40 Third-Party/FreeRTOS/org/Source/list.o
                0x08000c54                vListInitialise
 .text.vListInitialiseItem
                0x08000c94       0x1a Third-Party/FreeRTOS/org/Source/list.o
                0x08000c94                vListInitialiseItem
 .text.vListInsertEnd
                0x08000cae       0x48 Third-Party/FreeRTOS/org/Source/list.o
                0x08000cae                vListInsertEnd
 .text.vListInsert
                0x08000cf6       0x72 Third-Party/FreeRTOS/org/Source/list.o
                0x08000cf6                vListInsert
 .text.uxListRemove
                0x08000d68       0x54 Third-Party/FreeRTOS/org/Source/list.o
                0x08000d68                uxListRemove
 .text.xQueueGenericReset
                0x08000dbc       0xd0 Third-Party/FreeRTOS/org/Source/queue.o
                0x08000dbc                xQueueGenericReset
 .text.xQueueGenericCreate
                0x08000e8c       0xb8 Third-Party/FreeRTOS/org/Source/queue.o
                0x08000e8c                xQueueGenericCreate
 .text.prvInitialiseNewQueue
                0x08000f44       0x46 Third-Party/FreeRTOS/org/Source/queue.o
 *fill*         0x08000f8a        0x2 
 .text.xQueueGenericSend
                0x08000f8c      0x1f4 Third-Party/FreeRTOS/org/Source/queue.o
                0x08000f8c                xQueueGenericSend
 .text.xQueueGenericSendFromISR
                0x08001180      0x14a Third-Party/FreeRTOS/org/Source/queue.o
                0x08001180                xQueueGenericSendFromISR
 *fill*         0x080012ca        0x2 
 .text.xQueueReceive
                0x080012cc      0x1b8 Third-Party/FreeRTOS/org/Source/queue.o
                0x080012cc                xQueueReceive
 .text.prvCopyDataToQueue
                0x08001484       0xd4 Third-Party/FreeRTOS/org/Source/queue.o
 .text.prvCopyDataFromQueue
                0x08001558       0x4c Third-Party/FreeRTOS/org/Source/queue.o
 .text.prvUnlockQueue
                0x080015a4       0xa4 Third-Party/FreeRTOS/org/Source/queue.o
 .text.prvIsQueueEmpty
                0x08001648       0x2c Third-Party/FreeRTOS/org/Source/queue.o
 .text.prvIsQueueFull
                0x08001674       0x30 Third-Party/FreeRTOS/org/Source/queue.o
 .text.vQueueAddToRegistry
                0x080016a4       0x50 Third-Party/FreeRTOS/org/Source/queue.o
                0x080016a4                vQueueAddToRegistry
 .text.vQueueWaitForMessageRestricted
                0x080016f4       0x68 Third-Party/FreeRTOS/org/Source/queue.o
                0x080016f4                vQueueWaitForMessageRestricted
 .text.xTaskCreate
                0x0800175c       0x82 Third-Party/FreeRTOS/org/Source/tasks.o
                0x0800175c                xTaskCreate
 .text.prvInitialiseNewTask
                0x080017de      0x12a Third-Party/FreeRTOS/org/Source/tasks.o
 .text.prvAddNewTaskToReadyList
                0x08001908       0xdc Third-Party/FreeRTOS/org/Source/tasks.o
 .text.vTaskStartScheduler
                0x080019e4       0xa0 Third-Party/FreeRTOS/org/Source/tasks.o
                0x080019e4                vTaskStartScheduler
 .text.vTaskSuspendAll
                0x08001a84       0x1c Third-Party/FreeRTOS/org/Source/tasks.o
                0x08001a84                vTaskSuspendAll
 .text.xTaskResumeAll
                0x08001aa0      0x138 Third-Party/FreeRTOS/org/Source/tasks.o
                0x08001aa0                xTaskResumeAll
 .text.xTaskGetTickCount
                0x08001bd8       0x20 Third-Party/FreeRTOS/org/Source/tasks.o
                0x08001bd8                xTaskGetTickCount
 .text.xTaskIncrementTick
                0x08001bf8      0x170 Third-Party/FreeRTOS/org/Source/tasks.o
                0x08001bf8                xTaskIncrementTick
 .text.vTaskSwitchContext
                0x08001d68       0xb4 Third-Party/FreeRTOS/org/Source/tasks.o
                0x08001d68                vTaskSwitchContext
 .text.vTaskPlaceOnEventList
                0x08001e1c       0x48 Third-Party/FreeRTOS/org/Source/tasks.o
                0x08001e1c                vTaskPlaceOnEventList
 .text.vTaskPlaceOnEventListRestricted
                0x08001e64       0x54 Third-Party/FreeRTOS/org/Source/tasks.o
                0x08001e64                vTaskPlaceOnEventListRestricted
 .text.xTaskRemoveFromEventList
                0x08001eb8       0xc4 Third-Party/FreeRTOS/org/Source/tasks.o
                0x08001eb8                xTaskRemoveFromEventList
 .text.vTaskInternalSetTimeOutState
                0x08001f7c       0x2c Third-Party/FreeRTOS/org/Source/tasks.o
                0x08001f7c                vTaskInternalSetTimeOutState
 .text.xTaskCheckForTimeOut
                0x08001fa8       0xc8 Third-Party/FreeRTOS/org/Source/tasks.o
                0x08001fa8                xTaskCheckForTimeOut
 .text.vTaskMissedYield
                0x08002070       0x18 Third-Party/FreeRTOS/org/Source/tasks.o
                0x08002070                vTaskMissedYield
 .text.prvIdleTask
                0x08002088       0x30 Third-Party/FreeRTOS/org/Source/tasks.o
 .text.prvInitialiseTaskLists
                0x080020b8       0x80 Third-Party/FreeRTOS/org/Source/tasks.o
 .text.prvCheckTasksWaitingTermination
                0x08002138       0x58 Third-Party/FreeRTOS/org/Source/tasks.o
 .text.prvDeleteTCB
                0x08002190       0x20 Third-Party/FreeRTOS/org/Source/tasks.o
 .text.prvResetNextTaskUnblockTime
                0x080021b0       0x38 Third-Party/FreeRTOS/org/Source/tasks.o
 .text.xTaskGetSchedulerState
                0x080021e8       0x3c Third-Party/FreeRTOS/org/Source/tasks.o
                0x080021e8                xTaskGetSchedulerState
 .text.xTaskPriorityDisinherit
                0x08002224       0xf0 Third-Party/FreeRTOS/org/Source/tasks.o
                0x08002224                xTaskPriorityDisinherit
 .text.prvAddCurrentTaskToDelayedList
                0x08002314       0xcc Third-Party/FreeRTOS/org/Source/tasks.o
 .text.xTimerCreateTimerTask
                0x080023e0       0x64 Third-Party/FreeRTOS/org/Source/timers.o
                0x080023e0                xTimerCreateTimerTask
 .text.xTimerGenericCommand
                0x08002444       0x98 Third-Party/FreeRTOS/org/Source/timers.o
                0x08002444                xTimerGenericCommand
 .text.prvProcessExpiredTimer
                0x080024dc       0x98 Third-Party/FreeRTOS/org/Source/timers.o
 .text.prvTimerTask
                0x08002574       0x24 Third-Party/FreeRTOS/org/Source/timers.o
 .text.prvProcessTimerOrBlockTask
                0x08002598       0x9c Third-Party/FreeRTOS/org/Source/timers.o
 .text.prvGetNextExpireTime
                0x08002634       0x48 Third-Party/FreeRTOS/org/Source/timers.o
 .text.prvSampleTimeNow
                0x0800267c       0x40 Third-Party/FreeRTOS/org/Source/timers.o
 .text.prvInsertTimerInActiveList
                0x080026bc       0x84 Third-Party/FreeRTOS/org/Source/timers.o
 .text.prvProcessReceivedCommands
                0x08002740      0x188 Third-Party/FreeRTOS/org/Source/timers.o
 .text.prvSwitchTimerLists
                0x080028c8       0xc8 Third-Party/FreeRTOS/org/Source/timers.o
 .text.prvCheckForValidListAndQueue
                0x08002990       0x6c Third-Party/FreeRTOS/org/Source/timers.o
 .text.pxPortInitialiseStack
                0x080029fc       0x68 Third-Party/FreeRTOS/org/Source/portable/GCC/ARM_CM4F/port.o
                0x080029fc                pxPortInitialiseStack
 .text.prvTaskExitError
                0x08002a64       0x54 Third-Party/FreeRTOS/org/Source/portable/GCC/ARM_CM4F/port.o
 *fill*         0x08002ab8        0x8 
 .text.SVC_Handler
                0x08002ac0       0x28 Third-Party/FreeRTOS/org/Source/portable/GCC/ARM_CM4F/port.o
                0x08002ac0                SVC_Handler
 .text.prvPortStartFirstTask
                0x08002ae8       0x2c Third-Party/FreeRTOS/org/Source/portable/GCC/ARM_CM4F/port.o
 .text.xPortStartScheduler
                0x08002b14      0x13c Third-Party/FreeRTOS/org/Source/portable/GCC/ARM_CM4F/port.o
                0x08002b14                xPortStartScheduler
 .text.vPortEnterCritical
                0x08002c50       0x5c Third-Party/FreeRTOS/org/Source/portable/GCC/ARM_CM4F/port.o
                0x08002c50                vPortEnterCritical
 .text.vPortExitCritical
                0x08002cac       0x50 Third-Party/FreeRTOS/org/Source/portable/GCC/ARM_CM4F/port.o
                0x08002cac                vPortExitCritical
 *fill*         0x08002cfc        0x4 
 .text.PendSV_Handler
                0x08002d00       0x68 Third-Party/FreeRTOS/org/Source/portable/GCC/ARM_CM4F/port.o
                0x08002d00                PendSV_Handler
 .text.SysTick_Handler
                0x08002d68       0x40 Third-Party/FreeRTOS/org/Source/portable/GCC/ARM_CM4F/port.o
                0x08002d68                SysTick_Handler
 .text.vPortSetupTimerInterrupt
                0x08002da8       0x48 Third-Party/FreeRTOS/org/Source/portable/GCC/ARM_CM4F/port.o
                0x08002da8                vPortSetupTimerInterrupt
 .text.vPortEnableVFP
                0x08002df0       0x18 Third-Party/FreeRTOS/org/Source/portable/GCC/ARM_CM4F/port.o
 .text.vPortValidateInterruptPriority
                0x08002e08       0x7c Third-Party/FreeRTOS/org/Source/portable/GCC/ARM_CM4F/port.o
                0x08002e08                vPortValidateInterruptPriority
 .text.pvPortMalloc
                0x08002e84      0x1b8 Third-Party/FreeRTOS/org/Source/portable/MemMang/heap_4.o
                0x08002e84                pvPortMalloc
 .text.vPortFree
                0x0800303c       0xc0 Third-Party/FreeRTOS/org/Source/portable/MemMang/heap_4.o
                0x0800303c                vPortFree
 .text.prvHeapInit
                0x080030fc       0xc4 Third-Party/FreeRTOS/org/Source/portable/MemMang/heap_4.o
 .text.prvInsertBlockIntoFreeList
                0x080031c0       0xb4 Third-Party/FreeRTOS/org/Source/portable/MemMang/heap_4.o
 .text.main     0x08003274       0x58 src/main.o
                0x08003274                main
 .text.vTask1_handler
                0x080032cc       0x40 src/main.o
                0x080032cc                vTask1_handler
 .text.vTask2_handler
                0x0800330c       0x40 src/main.o
                0x0800330c                vTask2_handler
 .text.prvSetupUart
                0x0800334c       0x9c src/main.o
 .text.prvSetupHardware
                0x080033e8        0xc src/main.o
 .text.printmsg
                0x080033f4       0x50 src/main.o
                0x080033f4                printmsg
 .text.SystemInit
                0x08003444       0x6c src/system_stm32f4xx.o
                0x08003444                SystemInit
 .text.SystemCoreClockUpdate
                0x080034b0       0xf8 src/system_stm32f4xx.o
                0x080034b0                SystemCoreClockUpdate
 .text.SetSysClock
                0x080035a8       0xf8 src/system_stm32f4xx.o
 .text.Reset_Handler
                0x080036a0       0x50 startup/startup_stm32.o
                0x080036a0                Reset_Handler
 .text.Default_Handler
                0x080036f0        0x2 startup/startup_stm32.o
                0x080036f0                RTC_Alarm_IRQHandler
                0x080036f0                EXTI2_IRQHandler
                0x080036f0                TIM8_CC_IRQHandler
                0x080036f0                SPDIF_Rx_IRQHandler
                0x080036f0                DebugMon_Handler
                0x080036f0                SPI4_IRQHandler
                0x080036f0                TIM1_CC_IRQHandler
                0x080036f0                QuadSPI_IRQHandler
                0x080036f0                DMA2_Stream5_IRQHandler
                0x080036f0                HardFault_Handler
                0x080036f0                DMA1_Stream5_IRQHandler
                0x080036f0                PVD_IRQHandler
                0x080036f0                SDIO_IRQHandler
                0x080036f0                TAMP_STAMP_IRQHandler
                0x080036f0                NMI_Handler
                0x080036f0                CAN2_RX1_IRQHandler
                0x080036f0                EXTI3_IRQHandler
                0x080036f0                TIM8_TRG_COM_TIM14_IRQHandler
                0x080036f0                TIM1_UP_TIM10_IRQHandler
                0x080036f0                FMPI2C1_error_IRQHandler
                0x080036f0                TIM8_UP_TIM13_IRQHandler
                0x080036f0                I2C3_ER_IRQHandler
                0x080036f0                EXTI0_IRQHandler
                0x080036f0                I2C2_EV_IRQHandler
                0x080036f0                DMA1_Stream2_IRQHandler
                0x080036f0                CAN1_RX0_IRQHandler
                0x080036f0                FPU_IRQHandler
                0x080036f0                OTG_HS_WKUP_IRQHandler
                0x080036f0                UsageFault_Handler
                0x080036f0                CAN2_SCE_IRQHandler
                0x080036f0                DMA2_Stream2_IRQHandler
                0x080036f0                SPI1_IRQHandler
                0x080036f0                TIM6_DAC_IRQHandler
                0x080036f0                TIM1_BRK_TIM9_IRQHandler
                0x080036f0                DCMI_IRQHandler
                0x080036f0                CAN2_RX0_IRQHandler
                0x080036f0                DMA2_Stream3_IRQHandler
                0x080036f0                FMPI2C1_IRQHandler
                0x080036f0                SAI2_IRQHandler
                0x080036f0                USART6_IRQHandler
                0x080036f0                USART3_IRQHandler
                0x080036f0                CAN1_RX1_IRQHandler
                0x080036f0                UART5_IRQHandler
                0x080036f0                DMA2_Stream0_IRQHandler
                0x080036f0                TIM4_IRQHandler
                0x080036f0                I2C1_EV_IRQHandler
                0x080036f0                HDMI_CEC_IRQHandler
                0x080036f0                DMA1_Stream6_IRQHandler
                0x080036f0                DMA1_Stream1_IRQHandler
                0x080036f0                UART4_IRQHandler
                0x080036f0                TIM3_IRQHandler
                0x080036f0                RCC_IRQHandler
                0x080036f0                TIM8_BRK_TIM12_IRQHandler
                0x080036f0                Default_Handler
                0x080036f0                EXTI15_10_IRQHandler
                0x080036f0                ADC_IRQHandler
                0x080036f0                DMA1_Stream7_IRQHandler
                0x080036f0                TIM7_IRQHandler
                0x080036f0                CAN2_TX_IRQHandler
                0x080036f0                TIM5_IRQHandler
                0x080036f0                DMA2_Stream7_IRQHandler
                0x080036f0                I2C3_EV_IRQHandler
                0x080036f0                EXTI9_5_IRQHandler
                0x080036f0                RTC_WKUP_IRQHandler
                0x080036f0                SPI2_IRQHandler
                0x080036f0                OTG_HS_EP1_IN_IRQHandler
                0x080036f0                MemManage_Handler
                0x080036f0                DMA1_Stream0_IRQHandler
                0x080036f0                CAN1_TX_IRQHandler
                0x080036f0                EXTI4_IRQHandler
                0x080036f0                OTG_HS_EP1_OUT_IRQHandler
                0x080036f0                WWDG_IRQHandler
                0x080036f0                TIM2_IRQHandler
                0x080036f0                OTG_FS_WKUP_IRQHandler
                0x080036f0                TIM1_TRG_COM_TIM11_IRQHandler
                0x080036f0                OTG_HS_IRQHandler
                0x080036f0                EXTI1_IRQHandler
                0x080036f0                USART2_IRQHandler
                0x080036f0                I2C2_ER_IRQHandler
                0x080036f0                DMA2_Stream1_IRQHandler
                0x080036f0                CAN1_SCE_IRQHandler
                0x080036f0                FLASH_IRQHandler
                0x080036f0                DMA2_Stream4_IRQHandler
                0x080036f0                BusFault_Handler
                0x080036f0                USART1_IRQHandler
                0x080036f0                OTG_FS_IRQHandler
                0x080036f0                SPI3_IRQHandler
                0x080036f0                DMA1_Stream4_IRQHandler
                0x080036f0                I2C1_ER_IRQHandler
                0x080036f0                FMC_IRQHandler
                0x080036f0                DMA2_Stream6_IRQHandler
                0x080036f0                SAI1_IRQHandler
                0x080036f0                DMA1_Stream3_IRQHandler
 *(.glue_7)
 .glue_7        0x080036f2        0x0 linker stubs
 *(.glue_7t)
 .glue_7t       0x080036f2        0x0 linker stubs
 *(.eh_frame)
 *fill*         0x080036f2        0x2 
 .eh_frame      0x080036f4        0x0 c:/ac6/systemworkbench/plugins/fr.ac6.mcu.externaltools.arm-none.win32_1.17.0.201812190825/tools/compiler/bin/../lib/gcc/arm-none-eabi/7.3.1/thumb/v7e-m/fpv4-sp/hard/crtbegin.o
 *(.init)
 .init          0x080036f4        0x4 c:/ac6/systemworkbench/plugins/fr.ac6.mcu.externaltools.arm-none.win32_1.17.0.201812190825/tools/compiler/bin/../lib/gcc/arm-none-eabi/7.3.1/thumb/v7e-m/fpv4-sp/hard/crti.o
                0x080036f4                _init
 .init          0x080036f8        0x8 c:/ac6/systemworkbench/plugins/fr.ac6.mcu.externaltools.arm-none.win32_1.17.0.201812190825/tools/compiler/bin/../lib/gcc/arm-none-eabi/7.3.1/thumb/v7e-m/fpv4-sp/hard/crtn.o
 *(.fini)
 .fini          0x08003700        0x4 c:/ac6/systemworkbench/plugins/fr.ac6.mcu.externaltools.arm-none.win32_1.17.0.201812190825/tools/compiler/bin/../lib/gcc/arm-none-eabi/7.3.1/thumb/v7e-m/fpv4-sp/hard/crti.o
                0x08003700                _fini
 .fini          0x08003704        0x8 c:/ac6/systemworkbench/plugins/fr.ac6.mcu.externaltools.arm-none.win32_1.17.0.201812190825/tools/compiler/bin/../lib/gcc/arm-none-eabi/7.3.1/thumb/v7e-m/fpv4-sp/hard/crtn.o
                0x0800370c                . = ALIGN (0x4)
                0x0800370c                _etext = .

.vfp11_veneer   0x0800370c        0x0
 .vfp11_veneer  0x0800370c        0x0 linker stubs

.v4_bx          0x0800370c        0x0
 .v4_bx         0x0800370c        0x0 linker stubs

.iplt           0x0800370c        0x0
 .iplt          0x0800370c        0x0 c:/ac6/systemworkbench/plugins/fr.ac6.mcu.externaltools.arm-none.win32_1.17.0.201812190825/tools/compiler/bin/../lib/gcc/arm-none-eabi/7.3.1/thumb/v7e-m/fpv4-sp/hard/crtbegin.o

.rodata         0x0800370c       0x64
                0x0800370c                . = ALIGN (0x4)
 *(.rodata)
 .rodata        0x0800370c        0x5 Third-Party/FreeRTOS/org/Source/tasks.o
 *fill*         0x08003711        0x3 
 .rodata        0x08003714        0xd Third-Party/FreeRTOS/org/Source/timers.o
 *fill*         0x08003721        0x3 
 .rodata        0x08003724       0x47 src/main.o
 *(.rodata*)
 *fill*         0x0800376b        0x1 
 .rodata._global_impure_ptr
                0x0800376c        0x4 c:/ac6/systemworkbench/plugins/fr.ac6.mcu.externaltools.arm-none.win32_1.17.0.201812190825/tools/compiler/bin/../lib/gcc/arm-none-eabi/7.3.1/../../../../arm-none-eabi/lib/thumb/v7e-m/fpv4-sp/hard\libc.a(lib_a-impure.o)
                0x0800376c                _global_impure_ptr
                0x08003770                . = ALIGN (0x4)

.rel.dyn        0x08003770        0x0
 .rel.iplt      0x08003770        0x0 c:/ac6/systemworkbench/plugins/fr.ac6.mcu.externaltools.arm-none.win32_1.17.0.201812190825/tools/compiler/bin/../lib/gcc/arm-none-eabi/7.3.1/thumb/v7e-m/fpv4-sp/hard/crtbegin.o

.ARM.extab      0x08003770        0x0
                0x08003770                . = ALIGN (0x4)
 *(.ARM.extab* .gnu.linkonce.armextab.*)
                0x08003770                . = ALIGN (0x4)

.ARM            0x08003770        0x0
                0x08003770                . = ALIGN (0x4)
                0x08003770                __exidx_start = .
 *(.ARM.exidx*)
                0x08003770                __exidx_end = .
                0x08003770                . = ALIGN (0x4)

.preinit_array  0x08003770        0x0
                0x08003770                . = ALIGN (0x4)
                0x08003770                PROVIDE (__preinit_array_start = .)
 *(.preinit_array*)
                0x08003770                PROVIDE (__preinit_array_end = .)
                0x08003770                . = ALIGN (0x4)

.init_array     0x08003770        0x8
                0x08003770                . = ALIGN (0x4)
                0x08003770                PROVIDE (__init_array_start = .)
 *(SORT_BY_NAME(.init_array.*))
 .init_array.00000
                0x08003770        0x4 c:/ac6/systemworkbench/plugins/fr.ac6.mcu.externaltools.arm-none.win32_1.17.0.201812190825/tools/compiler/bin/../lib/gcc/arm-none-eabi/7.3.1/../../../../arm-none-eabi/lib/thumb/v7e-m/fpv4-sp/hard\libc.a(lib_a-__call_atexit.o)
 *(.init_array*)
 .init_array    0x08003774        0x4 c:/ac6/systemworkbench/plugins/fr.ac6.mcu.externaltools.arm-none.win32_1.17.0.201812190825/tools/compiler/bin/../lib/gcc/arm-none-eabi/7.3.1/thumb/v7e-m/fpv4-sp/hard/crtbegin.o
                0x08003778                PROVIDE (__init_array_end = .)
                0x08003778                . = ALIGN (0x4)

.fini_array     0x08003778        0x4
                0x08003778                . = ALIGN (0x4)
                0x08003778                PROVIDE (__fini_array_start = .)
 *(SORT_BY_NAME(.fini_array.*))
 *(.fini_array*)
 .fini_array    0x08003778        0x4 c:/ac6/systemworkbench/plugins/fr.ac6.mcu.externaltools.arm-none.win32_1.17.0.201812190825/tools/compiler/bin/../lib/gcc/arm-none-eabi/7.3.1/thumb/v7e-m/fpv4-sp/hard/crtbegin.o
                0x0800377c                PROVIDE (__fini_array_end = .)
                0x0800377c                . = ALIGN (0x4)
                0x0800377c                _sidata = LOADADDR (.data)

.data           0x20000000      0x45c load address 0x0800377c
                0x20000000                . = ALIGN (0x4)
                0x20000000                _sdata = .
 *(.data)
 .data          0x20000000       0x10 StdPeriph_Driver/src/stm32f4xx_rcc.o
 .data          0x20000010        0x4 Third-Party/FreeRTOS/org/Source/tasks.o
                0x20000010                uxTopUsedPriority
 .data          0x20000014        0x4 Third-Party/FreeRTOS/org/Source/portable/GCC/ARM_CM4F/port.o
 .data          0x20000018        0x1 src/main.o
                0x20000018                UART_ACCESS_KEY
 *fill*         0x20000019        0x3 
 .data          0x2000001c       0x14 src/system_stm32f4xx.o
                0x2000001c                SystemCoreClock
                0x20000020                AHBPrescTable
 *(.data*)
 .data.impure_data
                0x20000030      0x428 c:/ac6/systemworkbench/plugins/fr.ac6.mcu.externaltools.arm-none.win32_1.17.0.201812190825/tools/compiler/bin/../lib/gcc/arm-none-eabi/7.3.1/../../../../arm-none-eabi/lib/thumb/v7e-m/fpv4-sp/hard\libc.a(lib_a-impure.o)
 .data.__atexit_recursive_mutex
                0x20000458        0x4 c:/ac6/systemworkbench/plugins/fr.ac6.mcu.externaltools.arm-none.win32_1.17.0.201812190825/tools/compiler/bin/../lib/gcc/arm-none-eabi/7.3.1/../../../../arm-none-eabi/lib/thumb/v7e-m/fpv4-sp/hard\libc.a(lib_a-__call_atexit.o)
                0x20000458                __atexit_recursive_mutex
                0x2000045c                . = ALIGN (0x4)
                0x2000045c                _edata = .

.igot.plt       0x2000045c        0x0 load address 0x08003bd8
 .igot.plt      0x2000045c        0x0 c:/ac6/systemworkbench/plugins/fr.ac6.mcu.externaltools.arm-none.win32_1.17.0.201812190825/tools/compiler/bin/../lib/gcc/arm-none-eabi/7.3.1/thumb/v7e-m/fpv4-sp/hard/crtbegin.o
                0x2000045c                . = ALIGN (0x4)

.bss            0x2000045c    0x12df0 load address 0x08003bd8
                0x2000045c                _sbss = .
                0x2000045c                __bss_start__ = _sbss
 *(.bss)
 .bss           0x2000045c       0x1c c:/ac6/systemworkbench/plugins/fr.ac6.mcu.externaltools.arm-none.win32_1.17.0.201812190825/tools/compiler/bin/../lib/gcc/arm-none-eabi/7.3.1/thumb/v7e-m/fpv4-sp/hard/crtbegin.o
 .bss           0x20000478      0x104 Third-Party/FreeRTOS/org/Source/tasks.o
                0x20000478                pxCurrentTCB
 .bss           0x2000057c       0x3c Third-Party/FreeRTOS/org/Source/timers.o
 .bss           0x200005b8        0x8 Third-Party/FreeRTOS/org/Source/portable/GCC/ARM_CM4F/port.o
 .bss           0x200005c0    0x12c20 Third-Party/FreeRTOS/org/Source/portable/MemMang/heap_4.o
 .bss           0x200131e0        0x8 src/main.o
                0x200131e0                xTaskHandle1
                0x200131e4                xTaskHandle2
 *(.bss*)
 *(COMMON)
 COMMON         0x200131e8       0x21 c:/ac6/systemworkbench/plugins/fr.ac6.mcu.externaltools.arm-none.win32_1.17.0.201812190825/tools/compiler/bin/../lib/gcc/arm-none-eabi/7.3.1/../../../../arm-none-eabi/lib/thumb/v7e-m/fpv4-sp/hard\libc.a(lib_a-lock.o)
                0x200131e8                __lock___atexit_recursive_mutex
                0x200131ec                __lock___arc4random_mutex
                0x200131f0                __lock___env_recursive_mutex
                0x200131f4                __lock___sinit_recursive_mutex
                0x200131f8                __lock___malloc_recursive_mutex
                0x200131fc                __lock___at_quick_exit_mutex
                0x20013200                __lock___dd_hash_mutex
                0x20013204                __lock___tz_mutex
                0x20013208                __lock___sfp_recursive_mutex
 *fill*         0x20013209        0x3 
 COMMON         0x2001320c       0x40 Third-Party/FreeRTOS/org/Source/queue.o
                0x2001320c                xQueueRegistry
                0x2001324c                . = ALIGN (0x4)
                0x2001324c                _ebss = .
                0x2001324c                __bss_end__ = _ebss

._user_heap_stack
                0x2001324c      0x404 load address 0x08003bd8
                0x20013250                . = ALIGN (0x8)
 *fill*         0x2001324c        0x4 
                0x20013250                PROVIDE (end = .)
                [!provide]                PROVIDE (_end = .)
                0x20013250                . = (. + _Min_Heap_Size)
                0x20013650                . = (. + _Min_Stack_Size)
 *fill*         0x20013250      0x400 
                0x20013650                . = ALIGN (0x8)

/DISCARD/
 libc.a(*)
 libm.a(*)
 libgcc.a(*)

.ARM.attributes
                0x00000000       0x30
 *(.ARM.attributes)
 .ARM.attributes
                0x00000000       0x22 c:/ac6/systemworkbench/plugins/fr.ac6.mcu.externaltools.arm-none.win32_1.17.0.201812190825/tools/compiler/bin/../lib/gcc/arm-none-eabi/7.3.1/thumb/v7e-m/fpv4-sp/hard/crti.o
 .ARM.attributes
                0x00000022       0x34 c:/ac6/systemworkbench/plugins/fr.ac6.mcu.externaltools.arm-none.win32_1.17.0.201812190825/tools/compiler/bin/../lib/gcc/arm-none-eabi/7.3.1/thumb/v7e-m/fpv4-sp/hard/crtbegin.o
 .ARM.attributes
                0x00000056       0x34 c:/ac6/systemworkbench/plugins/fr.ac6.mcu.externaltools.arm-none.win32_1.17.0.201812190825/tools/compiler/bin/../lib/gcc/arm-none-eabi/7.3.1/../../../../arm-none-eabi/lib/thumb/v7e-m/fpv4-sp/hard\libc.a(lib_a-impure.o)
 .ARM.attributes
                0x0000008a       0x34 c:/ac6/systemworkbench/plugins/fr.ac6.mcu.externaltools.arm-none.win32_1.17.0.201812190825/tools/compiler/bin/../lib/gcc/arm-none-eabi/7.3.1/../../../../arm-none-eabi/lib/thumb/v7e-m/fpv4-sp/hard\libc.a(lib_a-init.o)
 .ARM.attributes
                0x000000be       0x34 c:/ac6/systemworkbench/plugins/fr.ac6.mcu.externaltools.arm-none.win32_1.17.0.201812190825/tools/compiler/bin/../lib/gcc/arm-none-eabi/7.3.1/../../../../arm-none-eabi/lib/thumb/v7e-m/fpv4-sp/hard\libc.a(lib_a-memset.o)
 .ARM.attributes
                0x000000f2       0x34 c:/ac6/systemworkbench/plugins/fr.ac6.mcu.externaltools.arm-none.win32_1.17.0.201812190825/tools/compiler/bin/../lib/gcc/arm-none-eabi/7.3.1/../../../../arm-none-eabi/lib/thumb/v7e-m/fpv4-sp/hard\libc.a(lib_a-__call_atexit.o)
 .ARM.attributes
                0x00000126       0x34 c:/ac6/systemworkbench/plugins/fr.ac6.mcu.externaltools.arm-none.win32_1.17.0.201812190825/tools/compiler/bin/../lib/gcc/arm-none-eabi/7.3.1/../../../../arm-none-eabi/lib/thumb/v7e-m/fpv4-sp/hard\libc.a(lib_a-atexit.o)
 .ARM.attributes
                0x0000015a       0x34 c:/ac6/systemworkbench/plugins/fr.ac6.mcu.externaltools.arm-none.win32_1.17.0.201812190825/tools/compiler/bin/../lib/gcc/arm-none-eabi/7.3.1/../../../../arm-none-eabi/lib/thumb/v7e-m/fpv4-sp/hard\libc.a(lib_a-fini.o)
 .ARM.attributes
                0x0000018e       0x34 c:/ac6/systemworkbench/plugins/fr.ac6.mcu.externaltools.arm-none.win32_1.17.0.201812190825/tools/compiler/bin/../lib/gcc/arm-none-eabi/7.3.1/../../../../arm-none-eabi/lib/thumb/v7e-m/fpv4-sp/hard\libc.a(lib_a-lock.o)
 .ARM.attributes
                0x000001c2       0x34 c:/ac6/systemworkbench/plugins/fr.ac6.mcu.externaltools.arm-none.win32_1.17.0.201812190825/tools/compiler/bin/../lib/gcc/arm-none-eabi/7.3.1/../../../../arm-none-eabi/lib/thumb/v7e-m/fpv4-sp/hard\libc.a(lib_a-__atexit.o)
 .ARM.attributes
                0x000001f6       0x39 StdPeriph_Driver/src/stm32f4xx_gpio.o
 .ARM.attributes
                0x0000022f       0x39 StdPeriph_Driver/src/stm32f4xx_rcc.o
 .ARM.attributes
                0x00000268       0x39 StdPeriph_Driver/src/stm32f4xx_usart.o
 .ARM.attributes
                0x000002a1       0x39 Third-Party/FreeRTOS/org/Source/list.o
 .ARM.attributes
                0x000002da       0x39 Third-Party/FreeRTOS/org/Source/queue.o
 .ARM.attributes
                0x00000313       0x39 Third-Party/FreeRTOS/org/Source/tasks.o
 .ARM.attributes
                0x0000034c       0x39 Third-Party/FreeRTOS/org/Source/timers.o
 .ARM.attributes
                0x00000385       0x39 Third-Party/FreeRTOS/org/Source/portable/GCC/ARM_CM4F/port.o
 .ARM.attributes
                0x000003be       0x39 Third-Party/FreeRTOS/org/Source/portable/MemMang/heap_4.o
 .ARM.attributes
                0x000003f7       0x39 src/main.o
 .ARM.attributes
                0x00000430       0x39 src/system_stm32f4xx.o
 .ARM.attributes
                0x00000469       0x21 startup/startup_stm32.o
 .ARM.attributes
                0x0000048a       0x20 c:/ac6/systemworkbench/plugins/fr.ac6.mcu.externaltools.arm-none.win32_1.17.0.201812190825/tools/compiler/bin/../lib/gcc/arm-none-eabi/7.3.1/../../../../arm-none-eabi/lib/thumb/v7e-m/fpv4-sp/hard\libc.a(lib_a-memcpy.o)
 .ARM.attributes
                0x000004aa       0x20 c:/ac6/systemworkbench/plugins/fr.ac6.mcu.externaltools.arm-none.win32_1.17.0.201812190825/tools/compiler/bin/../lib/gcc/arm-none-eabi/7.3.1/../../../../arm-none-eabi/lib/thumb/v7e-m/fpv4-sp/hard\libc.a(lib_a-strlen.o)
 .ARM.attributes
                0x000004ca       0x22 c:/ac6/systemworkbench/plugins/fr.ac6.mcu.externaltools.arm-none.win32_1.17.0.201812190825/tools/compiler/bin/../lib/gcc/arm-none-eabi/7.3.1/thumb/v7e-m/fpv4-sp/hard/crtn.o
OUTPUT(STM32_HelloWorld.elf elf32-littlearm)

.debug_frame    0x00000000     0x2750
 .debug_frame   0x00000000       0x2c c:/ac6/systemworkbench/plugins/fr.ac6.mcu.externaltools.arm-none.win32_1.17.0.201812190825/tools/compiler/bin/../lib/gcc/arm-none-eabi/7.3.1/../../../../arm-none-eabi/lib/thumb/v7e-m/fpv4-sp/hard\libc.a(lib_a-init.o)
 .debug_frame   0x0000002c       0x38 c:/ac6/systemworkbench/plugins/fr.ac6.mcu.externaltools.arm-none.win32_1.17.0.201812190825/tools/compiler/bin/../lib/gcc/arm-none-eabi/7.3.1/../../../../arm-none-eabi/lib/thumb/v7e-m/fpv4-sp/hard\libc.a(lib_a-memset.o)
 .debug_frame   0x00000064       0x5c c:/ac6/systemworkbench/plugins/fr.ac6.mcu.externaltools.arm-none.win32_1.17.0.201812190825/tools/compiler/bin/../lib/gcc/arm-none-eabi/7.3.1/../../../../arm-none-eabi/lib/thumb/v7e-m/fpv4-sp/hard\libc.a(lib_a-__call_atexit.o)
 .debug_frame   0x000000c0       0x20 c:/ac6/systemworkbench/plugins/fr.ac6.mcu.externaltools.arm-none.win32_1.17.0.201812190825/tools/compiler/bin/../lib/gcc/arm-none-eabi/7.3.1/../../../../arm-none-eabi/lib/thumb/v7e-m/fpv4-sp/hard\libc.a(lib_a-atexit.o)
 .debug_frame   0x000000e0       0x34 c:/ac6/systemworkbench/plugins/fr.ac6.mcu.externaltools.arm-none.win32_1.17.0.201812190825/tools/compiler/bin/../lib/gcc/arm-none-eabi/7.3.1/../../../../arm-none-eabi/lib/thumb/v7e-m/fpv4-sp/hard\libc.a(lib_a-fini.o)
 .debug_frame   0x00000114       0xb0 c:/ac6/systemworkbench/plugins/fr.ac6.mcu.externaltools.arm-none.win32_1.17.0.201812190825/tools/compiler/bin/../lib/gcc/arm-none-eabi/7.3.1/../../../../arm-none-eabi/lib/thumb/v7e-m/fpv4-sp/hard\libc.a(lib_a-lock.o)
 .debug_frame   0x000001c4       0x34 c:/ac6/systemworkbench/plugins/fr.ac6.mcu.externaltools.arm-none.win32_1.17.0.201812190825/tools/compiler/bin/../lib/gcc/arm-none-eabi/7.3.1/../../../../arm-none-eabi/lib/thumb/v7e-m/fpv4-sp/hard\libc.a(lib_a-__atexit.o)
 .debug_frame   0x000001f8      0x23c StdPeriph_Driver/src/stm32f4xx_gpio.o
 .debug_frame   0x00000434      0x83c StdPeriph_Driver/src/stm32f4xx_rcc.o
 .debug_frame   0x00000c70      0x490 StdPeriph_Driver/src/stm32f4xx_usart.o
 .debug_frame   0x00001100       0xd8 Third-Party/FreeRTOS/org/Source/list.o
 .debug_frame   0x000011d8      0x534 Third-Party/FreeRTOS/org/Source/queue.o
 .debug_frame   0x0000170c      0x894 Third-Party/FreeRTOS/org/Source/tasks.o
 .debug_frame   0x00001fa0      0x38c Third-Party/FreeRTOS/org/Source/timers.o
 .debug_frame   0x0000232c      0x1a8 Third-Party/FreeRTOS/org/Source/portable/GCC/ARM_CM4F/port.o
 .debug_frame   0x000024d4      0x12c Third-Party/FreeRTOS/org/Source/portable/MemMang/heap_4.o
 .debug_frame   0x00002600       0xd4 src/main.o
 .debug_frame   0x000026d4       0x7c src/system_stm32f4xx.o

.debug_info     0x00000000     0xad3a
 .debug_info    0x00000000      0x62b StdPeriph_Driver/src/stm32f4xx_gpio.o
 .debug_info    0x0000062b      0xe67 StdPeriph_Driver/src/stm32f4xx_rcc.o
 .debug_info    0x00001492      0x9d4 StdPeriph_Driver/src/stm32f4xx_usart.o
 .debug_info    0x00001e66      0xadb Third-Party/FreeRTOS/org/Source/list.o
 .debug_info    0x00002941     0x2002 Third-Party/FreeRTOS/org/Source/queue.o
 .debug_info    0x00004943     0x2975 Third-Party/FreeRTOS/org/Source/tasks.o
 .debug_info    0x000072b8     0x14d9 Third-Party/FreeRTOS/org/Source/timers.o
 .debug_info    0x00008791      0x533 Third-Party/FreeRTOS/org/Source/portable/GCC/ARM_CM4F/port.o
 .debug_info    0x00008cc4      0xcfd Third-Party/FreeRTOS/org/Source/portable/MemMang/heap_4.o
 .debug_info    0x000099c1      0xd45 src/main.o
 .debug_info    0x0000a706      0x612 src/system_stm32f4xx.o
 .debug_info    0x0000ad18       0x22 startup/startup_stm32.o

.debug_abbrev   0x00000000     0x19b1
 .debug_abbrev  0x00000000      0x1bf StdPeriph_Driver/src/stm32f4xx_gpio.o
 .debug_abbrev  0x000001bf      0x1d4 StdPeriph_Driver/src/stm32f4xx_rcc.o
 .debug_abbrev  0x00000393      0x187 StdPeriph_Driver/src/stm32f4xx_usart.o
 .debug_abbrev  0x0000051a      0x205 Third-Party/FreeRTOS/org/Source/list.o
 .debug_abbrev  0x0000071f      0x327 Third-Party/FreeRTOS/org/Source/queue.o
 .debug_abbrev  0x00000a46      0x386 Third-Party/FreeRTOS/org/Source/tasks.o
 .debug_abbrev  0x00000dcc      0x2fe Third-Party/FreeRTOS/org/Source/timers.o
 .debug_abbrev  0x000010ca      0x210 Third-Party/FreeRTOS/org/Source/portable/GCC/ARM_CM4F/port.o
 .debug_abbrev  0x000012da      0x2d4 Third-Party/FreeRTOS/org/Source/portable/MemMang/heap_4.o
 .debug_abbrev  0x000015ae      0x294 src/main.o
 .debug_abbrev  0x00001842      0x15d src/system_stm32f4xx.o
 .debug_abbrev  0x0000199f       0x12 startup/startup_stm32.o

.debug_aranges  0x00000000      0x900
 .debug_aranges
                0x00000000       0x88 StdPeriph_Driver/src/stm32f4xx_gpio.o
 .debug_aranges
                0x00000088      0x1c0 StdPeriph_Driver/src/stm32f4xx_rcc.o
 .debug_aranges
                0x00000248      0x100 StdPeriph_Driver/src/stm32f4xx_usart.o
 .debug_aranges
                0x00000348       0x40 Third-Party/FreeRTOS/org/Source/list.o
 .debug_aranges
                0x00000388      0x130 Third-Party/FreeRTOS/org/Source/queue.o
 .debug_aranges
                0x000004b8      0x1f8 Third-Party/FreeRTOS/org/Source/tasks.o
 .debug_aranges
                0x000006b0       0xd8 Third-Party/FreeRTOS/org/Source/timers.o
 .debug_aranges
                0x00000788       0x80 Third-Party/FreeRTOS/org/Source/portable/GCC/ARM_CM4F/port.o
 .debug_aranges
                0x00000808       0x58 Third-Party/FreeRTOS/org/Source/portable/MemMang/heap_4.o
 .debug_aranges
                0x00000860       0x48 src/main.o
 .debug_aranges
                0x000008a8       0x30 src/system_stm32f4xx.o
 .debug_aranges
                0x000008d8       0x28 startup/startup_stm32.o

.debug_ranges   0x00000000      0x848
 .debug_ranges  0x00000000       0x78 StdPeriph_Driver/src/stm32f4xx_gpio.o
 .debug_ranges  0x00000078      0x1b0 StdPeriph_Driver/src/stm32f4xx_rcc.o
 .debug_ranges  0x00000228       0xf0 StdPeriph_Driver/src/stm32f4xx_usart.o
 .debug_ranges  0x00000318       0x30 Third-Party/FreeRTOS/org/Source/list.o
 .debug_ranges  0x00000348      0x120 Third-Party/FreeRTOS/org/Source/queue.o
 .debug_ranges  0x00000468      0x1e8 Third-Party/FreeRTOS/org/Source/tasks.o
 .debug_ranges  0x00000650       0xc8 Third-Party/FreeRTOS/org/Source/timers.o
 .debug_ranges  0x00000718       0x70 Third-Party/FreeRTOS/org/Source/portable/GCC/ARM_CM4F/port.o
 .debug_ranges  0x00000788       0x48 Third-Party/FreeRTOS/org/Source/portable/MemMang/heap_4.o
 .debug_ranges  0x000007d0       0x38 src/main.o
 .debug_ranges  0x00000808       0x20 src/system_stm32f4xx.o
 .debug_ranges  0x00000828       0x20 startup/startup_stm32.o

.debug_macro    0x00000000     0x2392
 .debug_macro   0x00000000      0x1bc StdPeriph_Driver/src/stm32f4xx_gpio.o
 .debug_macro   0x000001bc      0x2f5 StdPeriph_Driver/src/stm32f4xx_gpio.o
 .debug_macro   0x000004b1      0x28b StdPeriph_Driver/src/stm32f4xx_rcc.o
 .debug_macro   0x0000073c      0x1d4 StdPeriph_Driver/src/stm32f4xx_usart.o
 .debug_macro   0x00000910      0x21d StdPeriph_Driver/src/stm32f4xx_usart.o
 .debug_macro   0x00000b2d      0x186 Third-Party/FreeRTOS/org/Source/list.o
 .debug_macro   0x00000cb3      0x20a Third-Party/FreeRTOS/org/Source/queue.o
 .debug_macro   0x00000ebd       0x16 Third-Party/FreeRTOS/org/Source/queue.o
 .debug_macro   0x00000ed3       0x35 Third-Party/FreeRTOS/org/Source/queue.o
 .debug_macro   0x00000f08       0x80 Third-Party/FreeRTOS/org/Source/queue.o
 .debug_macro   0x00000f88      0x267 Third-Party/FreeRTOS/org/Source/tasks.o
 .debug_macro   0x000011ef       0x10 Third-Party/FreeRTOS/org/Source/tasks.o
 .debug_macro   0x000011ff      0x1cf Third-Party/FreeRTOS/org/Source/timers.o
 .debug_macro   0x000013ce       0x97 Third-Party/FreeRTOS/org/Source/timers.o
 .debug_macro   0x00001465      0x196 Third-Party/FreeRTOS/org/Source/portable/GCC/ARM_CM4F/port.o
 .debug_macro   0x000015fb      0x1a1 Third-Party/FreeRTOS/org/Source/portable/MemMang/heap_4.o
 .debug_macro   0x0000179c      0x3a1 src/main.o
 .debug_macro   0x00001b3d       0x16 src/main.o
 .debug_macro   0x00001b53       0x97 src/main.o
 .debug_macro   0x00001bea       0xfd src/main.o
 .debug_macro   0x00001ce7       0x10 src/main.o
 .debug_macro   0x00001cf7       0x10 src/main.o
 .debug_macro   0x00001d07       0x1c src/main.o
 .debug_macro   0x00001d23       0x52 src/main.o
 .debug_macro   0x00001d75       0x40 src/main.o
 .debug_macro   0x00001db5       0x10 src/main.o
 .debug_macro   0x00001dc5       0x40 src/main.o
 .debug_macro   0x00001e05       0xd7 src/main.o
 .debug_macro   0x00001edc       0x1c src/main.o
 .debug_macro   0x00001ef8       0x3d src/main.o
 .debug_macro   0x00001f35       0x16 src/main.o
 .debug_macro   0x00001f4b      0x16f src/main.o
 .debug_macro   0x000020ba      0x106 src/main.o
 .debug_macro   0x000021c0      0x1d2 src/system_stm32f4xx.o

.debug_line     0x00000000     0x698a
 .debug_line    0x00000000      0x795 StdPeriph_Driver/src/stm32f4xx_gpio.o
 .debug_line    0x00000795      0xa89 StdPeriph_Driver/src/stm32f4xx_rcc.o
 .debug_line    0x0000121e      0x8db StdPeriph_Driver/src/stm32f4xx_usart.o
 .debug_line    0x00001af9      0x581 Third-Party/FreeRTOS/org/Source/list.o
 .debug_line    0x0000207a      0xf4d Third-Party/FreeRTOS/org/Source/queue.o
 .debug_line    0x00002fc7     0x12bb Third-Party/FreeRTOS/org/Source/tasks.o
 .debug_line    0x00004282      0x91e Third-Party/FreeRTOS/org/Source/timers.o
 .debug_line    0x00004ba0      0x6b3 Third-Party/FreeRTOS/org/Source/portable/GCC/ARM_CM4F/port.o
 .debug_line    0x00005253      0x6a6 Third-Party/FreeRTOS/org/Source/portable/MemMang/heap_4.o
 .debug_line    0x000058f9      0x98b src/main.o
 .debug_line    0x00006284      0x68a src/system_stm32f4xx.o
 .debug_line    0x0000690e       0x7c startup/startup_stm32.o

.debug_str      0x00000000    0x6c9e2
 .debug_str     0x00000000    0x5ea93 StdPeriph_Driver/src/stm32f4xx_gpio.o
                              0x5ec92 (size before relaxing)
 .debug_str     0x0005ea93      0xdb7 StdPeriph_Driver/src/stm32f4xx_rcc.o
                              0x5f79f (size before relaxing)
 .debug_str     0x0005f84a      0x53a StdPeriph_Driver/src/stm32f4xx_usart.o
                              0x5efa5 (size before relaxing)
 .debug_str     0x0005fd84     0x691f Third-Party/FreeRTOS/org/Source/list.o
                               0xa63d (size before relaxing)
 .debug_str     0x000666a3     0x2281 Third-Party/FreeRTOS/org/Source/queue.o
                               0xc8b1 (size before relaxing)
 .debug_str     0x00068924     0x1be2 Third-Party/FreeRTOS/org/Source/tasks.o
                               0xd5c8 (size before relaxing)
 .debug_str     0x0006a506      0x529 Third-Party/FreeRTOS/org/Source/timers.o
                               0xcce5 (size before relaxing)
 .debug_str     0x0006aa2f      0x7f3 Third-Party/FreeRTOS/org/Source/portable/GCC/ARM_CM4F/port.o
                               0x9356 (size before relaxing)
 .debug_str     0x0006b222      0x333 Third-Party/FreeRTOS/org/Source/portable/MemMang/heap_4.o
                               0xbab7 (size before relaxing)
 .debug_str     0x0006b555     0x1349 src/main.o
                              0x67914 (size before relaxing)
 .debug_str     0x0006c89e      0x11b src/system_stm32f4xx.o
                              0x5ebe5 (size before relaxing)
 .debug_str     0x0006c9b9       0x29 startup/startup_stm32.o
                                 0x69 (size before relaxing)

.comment        0x00000000       0x7f
 .comment       0x00000000       0x7f StdPeriph_Driver/src/stm32f4xx_gpio.o
                                 0x80 (size before relaxing)
 .comment       0x0000007f       0x80 StdPeriph_Driver/src/stm32f4xx_rcc.o
 .comment       0x0000007f       0x80 StdPeriph_Driver/src/stm32f4xx_usart.o
 .comment       0x0000007f       0x80 Third-Party/FreeRTOS/org/Source/list.o
 .comment       0x0000007f       0x80 Third-Party/FreeRTOS/org/Source/queue.o
 .comment       0x0000007f       0x80 Third-Party/FreeRTOS/org/Source/tasks.o
 .comment       0x0000007f       0x80 Third-Party/FreeRTOS/org/Source/timers.o
 .comment       0x0000007f       0x80 Third-Party/FreeRTOS/org/Source/portable/GCC/ARM_CM4F/port.o
 .comment       0x0000007f       0x80 Third-Party/FreeRTOS/org/Source/portable/MemMang/heap_4.o
 .comment       0x0000007f       0x80 src/main.o
 .comment       0x0000007f       0x80 src/system_stm32f4xx.o
