22:50:42 **** Incremental Build of configuration Debug for project STM32_HelloWorld ****
make -j4 all 
Building file: ../src/main.c
Invoking: MCU GCC Compiler
E:\Study\Projects\Embedded\RTOS_Projects\STM32_HelloWorld\Debug
arm-none-eabi-gcc -mcpu=cortex-m4 -mthumb -mfloat-abi=hard -mfpu=fpv4-sp-d16 -DSTM32 -DUSE_STDPERIPH_DRIVER -DSTM32F40_41xxx -DSTM32F4 -DSTM32F407VGTx -DSTM32F407G_DISC1 -DDEBUG -I"E:/Study/Projects/Embedded/RTOS_Projects/STM32_HelloWorld/CMSIS/core" -I"E:/Study/Projects/Embedded/RTOS_Projects/STM32_HelloWorld/Config" -I"E:/Study/Projects/Embedded/RTOS_Projects/STM32_HelloWorld/Third-Party/FreeRTOS/org/Source/portable/GCC/ARM_CM4F" -I"E:/Study/Projects/Embedded/RTOS_Projects/STM32_HelloWorld/Third-Party/FreeRTOS/org/Source/include" -I"E:/Study/Projects/Embedded/RTOS_Projects/STM32_HelloWorld/CMSIS/device" -I"E:/Study/Projects/Embedded/RTOS_Projects/STM32_HelloWorld/inc" -I"E:/Study/Projects/Embedded/RTOS_Projects/STM32_HelloWorld/StdPeriph_Driver/inc" -O0 -g3 -Wall -fmessage-length=0 -ffunction-sections -c -MMD -MP -MF"src/main.d" -MT"src/main.o" -o "src/main.o" "../src/main.c"
Finished building: ../src/main.c
 
Building target: STM32_HelloWorld.elf
Invoking: MCU GCC Linker
arm-none-eabi-gcc -mcpu=cortex-m4 -mthumb -mfloat-abi=hard -mfpu=fpv4-sp-d16 -specs=rdimon.specs -lc -lrdimon -T"E:/Study/Projects/Embedded/RTOS_Projects/STM32_HelloWorld/LinkerScript.ld" -Wl,-Map=output.map -Wl,--gc-sections -o "STM32_HelloWorld.elf" @"objects.list"   -lm
Finished building target: STM32_HelloWorld.elf
 
make --no-print-directory post-build
Generating binary and Printing size information:
arm-none-eabi-objcopy -O binary "STM32_HelloWorld.elf" "STM32_HelloWorld.bin"
arm-none-eabi-size "STM32_HelloWorld.elf"
   text	   data	    bss	    dec	    hex	filename
  14132	   1128	  78324	  93584	  16d90	STM32_HelloWorld.elf
 
22:51:23 **** Programming project STM32_HelloWorld on chip ****
"C:\\Ac6\\SystemWorkbench\\plugins\\fr.ac6.mcu.externaltools.openocd.win32_1.23.0.201904120827\\tools\\openocd\\bin\\openocd.exe" -f stm32.flash.6618432115299780464.cfg -s "E:\\Study\\Projects\\Embedded\\RTOS_Projects\\STM32_HelloWorld" -s "C:\\Ac6\\SystemWorkbench\\plugins\\fr.ac6.mcu.debug_2.5.0.201904120827\\resources\\openocd\\st_scripts" -c "program Debug/STM32_HelloWorld.elf verify reset " -c shutdown 
Open On-Chip Debugger 0.10.0+dev-00021-g524e8c8 (2019-04-12-08:48)
Licensed under GNU GPL v2
For bug reports, read
	http://openocd.org/doc/doxygen/bugs.html
srst_only separate srst_nogate srst_open_drain connect_assert_srst
Info : The selected transport took over low-level target control. The results might differ compared to plain JTAG/SWD
adapter speed: 8000 kHz
adapter_nsrst_delay: 100
Info : clock speed 8000 kHz
Info : STLINK v2.1 JTAG v34 API v2 M25 VID 0x0483 PID 0x374B
Info : using stlink api v2
Info : Target voltage: 2.887920
Info : Unable to match requested speed 8000 kHz, using 4000 kHz
Info : Stlink adapter speed set to 4000 kHz
Info : STM32F407VGTx.cpu: hardware has 6 breakpoints, 4 watchpoints
Info : Listening on port 3333 for gdb connections
target halted due to debug-request, current mode: Thread 
xPSR: 0x01000000 pc: 0x08003678 msp: 0x20020000
configuring PLL
Info : Unable to match requested speed 8000 kHz, using 4000 kHz
Info : Stlink adapter speed set to 4000 kHz
Info : Unable to match requested speed 8000 kHz, using 4000 kHz
adapter speed: 4000 kHz
** Programming Started **
auto erase enabled
Info : device id = 0x10076413
Info : flash size = 1024kbytes
target halted due to breakpoint, current mode: Thread 
xPSR: 0x61000000 pc: 0x20000046 msp: 0x20020000
wrote 16384 bytes from file Debug/STM32_HelloWorld.elf in 0.692916s (23.091 KiB/s)
** Programming Finished **
** Verify Started **
target halted due to breakpoint, current mode: Thread 
xPSR: 0x61000000 pc: 0x2000002e msp: 0x20020000
target halted due to breakpoint, current mode: Thread 
xPSR: 0x61000000 pc: 0x2000002e msp: 0x20020000
verified 15320 bytes in 0.216456s (69.118 KiB/s)
** Verified OK **
** Resetting Target **
shutdown command invoked
